Archive member included to satisfy reference by file (symbol)

ym/microbit/source/microbit.a(MicroBit.cpp.o)
                              source/CMakeFiles/ds18b20.dir/Users/steven/Dropbox/Projects/ds18b20/source/main.cpp.o (MicroBit::MicroBit())
ym/microbit-dal/source/microbit-dal.a(MicroBitDevice.cpp.o)
                              ym/microbit/source/microbit.a(MicroBit.cpp.o) (microbit_serial_number())
ym/microbit-dal/source/microbit-dal.a(MicroBitFiber.cpp.o)
                              ym/microbit/source/microbit.a(MicroBit.cpp.o) (scheduler_init(EventModel&))
ym/microbit-dal/source/microbit-dal.a(MicroBitFont.cpp.o)
                              ym/microbit-dal/source/microbit-dal.a(MicroBitDevice.cpp.o) (MicroBitFont::defaultFont)
ym/microbit-dal/source/microbit-dal.a(MicroBitHeapAllocator.cpp.o)
                              ym/microbit/source/microbit.a(MicroBit.cpp.o) (microbit_create_heap(unsigned long, unsigned long))
ym/microbit-dal/source/microbit-dal.a(MicroBitListener.cpp.o)
                              ym/microbit-dal/source/microbit-dal.a(MicroBitFiber.cpp.o) (MicroBitListener::MicroBitListener(unsigned short, unsigned short, void (*)(MicroBitEvent), unsigned short))
ym/microbit-dal/source/microbit-dal.a(MicroBitSystemTimer.cpp.o)
                              ym/microbit-dal/source/microbit-dal.a(MicroBitFiber.cpp.o) (system_timer_current_time())
ym/microbit-dal/source/microbit-dal.a(ManagedString.cpp.o)
                              source/CMakeFiles/ds18b20.dir/Users/steven/Dropbox/Projects/ds18b20/source/main.cpp.o (ManagedString::~ManagedString())
ym/microbit-dal/source/microbit-dal.a(MicroBitEvent.cpp.o)
                              ym/microbit/source/microbit.a(MicroBit.cpp.o) (MicroBitEvent::MicroBitEvent())
ym/microbit-dal/source/microbit-dal.a(PacketBuffer.cpp.o)
                              ym/microbit-dal/source/microbit-dal.a(ManagedString.cpp.o) (PacketBuffer::getBytes())
ym/microbit-dal/source/microbit-dal.a(RefCounted.cpp.o)
                              ym/microbit-dal/source/microbit-dal.a(ManagedString.cpp.o) (RefCounted::init())
ym/microbit-dal/source/microbit-dal.a(MicroBitAccelerometer.cpp.o)
                              source/CMakeFiles/ds18b20.dir/Users/steven/Dropbox/Projects/ds18b20/source/main.cpp.o (MicroBitAccelerometer::~MicroBitAccelerometer())
ym/microbit-dal/source/microbit-dal.a(MicroBitButton.cpp.o)
                              source/CMakeFiles/ds18b20.dir/Users/steven/Dropbox/Projects/ds18b20/source/main.cpp.o (MicroBitButton::~MicroBitButton())
ym/microbit-dal/source/microbit-dal.a(MicroBitCompass.cpp.o)
                              source/CMakeFiles/ds18b20.dir/Users/steven/Dropbox/Projects/ds18b20/source/main.cpp.o (MicroBitCompass::~MicroBitCompass())
ym/microbit-dal/source/microbit-dal.a(MicroBitCompassCalibrator.cpp.o)
                              ym/microbit/source/microbit.a(MicroBit.cpp.o) (MicroBitCompassCalibrator::MicroBitCompassCalibrator(MicroBitCompass&, MicroBitAccelerometer&, MicroBitDisplay&))
ym/microbit-dal/source/microbit-dal.a(MicroBitDisplay.cpp.o)
                              source/CMakeFiles/ds18b20.dir/Users/steven/Dropbox/Projects/ds18b20/source/main.cpp.o (MicroBitDisplay::~MicroBitDisplay())
ym/microbit-dal/source/microbit-dal.a(MicroBitI2C.cpp.o)
                              ym/microbit/source/microbit.a(MicroBit.cpp.o) (MicroBitI2C::MicroBitI2C(PinName, PinName))
ym/microbit-dal/source/microbit-dal.a(MicroBitIO.cpp.o)
                              ym/microbit/source/microbit.a(MicroBit.cpp.o) (MicroBitIO::MicroBitIO(int, int, int, int, int, int, int, int, int, int, int, int, int, int, int, int, int, int, int))
ym/microbit-dal/source/microbit-dal.a(MicroBitLightSensor.cpp.o)
                              ym/microbit-dal/source/microbit-dal.a(MicroBitDisplay.cpp.o) (MicroBitLightSensor::read())
ym/microbit-dal/source/microbit-dal.a(MicroBitMessageBus.cpp.o)
                              ym/microbit/source/microbit.a(MicroBit.cpp.o) (MicroBitMessageBus::add(MicroBitListener*))
ym/microbit-dal/source/microbit-dal.a(MicroBitMultiButton.cpp.o)
                              ym/microbit/source/microbit.a(MicroBit.cpp.o) (MicroBitMultiButton::setEventConfiguration(MicroBitButtonEventConfiguration))
ym/microbit-dal/source/microbit-dal.a(MicroBitPin.cpp.o)
                              ym/microbit-dal/source/microbit-dal.a(MicroBitIO.cpp.o) (MicroBitPin::MicroBitPin(int, PinName, PinCapability))
ym/microbit-dal/source/microbit-dal.a(MicroBitRadio.cpp.o)
                              ym/microbit/source/microbit.a(MicroBit.cpp.o) (MicroBitRadio::MicroBitRadio(unsigned short))
ym/microbit-dal/source/microbit-dal.a(MicroBitRadioDatagram.cpp.o)
                              ym/microbit-dal/source/microbit-dal.a(MicroBitRadio.cpp.o) (MicroBitRadioDatagram::MicroBitRadioDatagram(MicroBitRadio&))
ym/microbit-dal/source/microbit-dal.a(MicroBitRadioEvent.cpp.o)
[...]
Memory Configuration

Name             Origin             Length             Attributes
FLASH            0x0000000000018000 0x0000000000028000 xr
RAM              0x0000000020002000 0x0000000000002000 xrw
*default*        0x0000000000000000 0xffffffffffffffff

Linker script and memory map

LOAD /usr/local/Cellar/arm-none-eabi-gcc/5.0-2015-q4-major/bin/../lib/gcc/arm-none-eabi/5.2.1/armv6-m/crti.o
LOAD /usr/local/Cellar/arm-none-eabi-gcc/5.0-2015-q4-major/bin/../lib/gcc/arm-none-eabi/5.2.1/armv6-m/crtbegin.o
LOAD /usr/local/Cellar/arm-none-eabi-gcc/5.0-2015-q4-major/bin/../lib/gcc/arm-none-eabi/5.2.1/../../../../arm-none-eabi/lib/armv6-m/crt0.o
START GROUP
LOAD source/CMakeFiles/ds18b20.dir/Users/steven/Dropbox/Projects/ds18b20/source/LinkedList.cpp.o
LOAD source/CMakeFiles/ds18b20.dir/Users/steven/Dropbox/Projects/ds18b20/source/DS1820.cpp.o
LOAD source/CMakeFiles/ds18b20.dir/Users/steven/Dropbox/Projects/ds18b20/source/main.cpp.o
LOAD ym/microbit/source/microbit.a
LOAD ym/microbit-dal/source/microbit-dal.a
LOAD ym/ble/source/ble.a
LOAD ym/ble-nrf51822/source/ble-nrf51822.a
LOAD ym/ble/source/ble.a
LOAD ym/ble-nrf51822/source/ble-nrf51822.a
LOAD ym/nrf51-sdk/source/nrf51-sdk.a
LOAD ym/mbed-classic/existing/mbed-classic.a
LOAD /usr/local/Cellar/arm-none-eabi-gcc/5.0-2015-q4-major/bin/../lib/gcc/arm-none-eabi/5.2.1/../../../../arm-none-eabi/lib/armv6-m/libnosys.a
LOAD /usr/local/Cellar/arm-none-eabi-gcc/5.0-2015-q4-major/bin/../lib/gcc/arm-none-eabi/5.2.1/../../../../arm-none-eabi/lib/armv6-m/libstdc++_nano.a
LOAD /usr/local/Cellar/arm-none-eabi-gcc/5.0-2015-q4-major/bin/../lib/gcc/arm-none-eabi/5.2.1/../../../../arm-none-eabi/lib/armv6-m/libsupc++_nano.a
LOAD /usr/local/Cellar/arm-none-eabi-gcc/5.0-2015-q4-major/bin/../lib/gcc/arm-none-eabi/5.2.1/armv6-m/libgcc.a
LOAD /usr/local/Cellar/arm-none-eabi-gcc/5.0-2015-q4-major/bin/../lib/gcc/arm-none-eabi/5.2.1/../../../../arm-none-eabi/lib/armv6-m/libstdc++_nano.a
LOAD /usr/local/Cellar/arm-none-eabi-gcc/5.0-2015-q4-major/bin/../lib/gcc/arm-none-eabi/5.2.1/../../../../arm-none-eabi/lib/armv6-m/libsupc++_nano.a
LOAD /usr/local/Cellar/arm-none-eabi-gcc/5.0-2015-q4-major/bin/../lib/gcc/arm-none-eabi/5.2.1/../../../../arm-none-eabi/lib/armv6-m/libm.a
LOAD /usr/local/Cellar/arm-none-eabi-gcc/5.0-2015-q4-major/bin/../lib/gcc/arm-none-eabi/5.2.1/../../../../arm-none-eabi/lib/armv6-m/libc_nano.a
LOAD /usr/local/Cellar/arm-none-eabi-gcc/5.0-2015-q4-major/bin/../lib/gcc/arm-none-eabi/5.2.1/armv6-m/libgcc.a
END GROUP
LOAD /usr/local/Cellar/arm-none-eabi-gcc/5.0-2015-q4-major/bin/../lib/gcc/arm-none-eabi/5.2.1/../../../../arm-none-eabi/lib/armv6-m/libstdc++_nano.a
LOAD /usr/local/Cellar/arm-none-eabi-gcc/5.0-2015-q4-major/bin/../lib/gcc/arm-none-eabi/5.2.1/../../../../arm-none-eabi/lib/armv6-m/libm.a
LOAD /usr/local/Cellar/arm-none-eabi-gcc/5.0-2015-q4-major/bin/../lib/gcc/arm-none-eabi/5.2.1/../../../../arm-none-eabi/lib/armv6-m/libc_nano.a
START GROUP
LOAD /usr/local/Cellar/arm-none-eabi-gcc/5.0-2015-q4-major/bin/../lib/gcc/arm-none-eabi/5.2.1/armv6-m/libgcc.a
LOAD /usr/local/Cellar/arm-none-eabi-gcc/5.0-2015-q4-major/bin/../lib/gcc/arm-none-eabi/5.2.1/../../../../arm-none-eabi/lib/armv6-m/libc_nano.a
END GROUP
START GROUP
LOAD /usr/local/Cellar/arm-none-eabi-gcc/5.0-2015-q4-major/bin/../lib/gcc/arm-none-eabi/5.2.1/armv6-m/libgcc.a
LOAD /usr/local/Cellar/arm-none-eabi-gcc/5.0-2015-q4-major/bin/../lib/gcc/arm-none-eabi/5.2.1/../../../../arm-none-eabi/lib/armv6-m/libc_nano.a
END GROUP
LOAD /usr/local/Cellar/arm-none-eabi-gcc/5.0-2015-q4-major/bin/../lib/gcc/arm-none-eabi/5.2.1/armv6-m/crtend.o
LOAD /usr/local/Cellar/arm-none-eabi-gcc/5.0-2015-q4-major/bin/../lib/gcc/arm-none-eabi/5.2.1/armv6-m/crtn.o

.text           0x0000000000018000    0x12b58
 *(SORT(.Vectors))
 .Vectors       0x0000000000018000       0xc0 ym/mbed-classic/existing/mbed-classic.a(startup_NRF51822.S.obj)
                0x0000000000018000                __Vectors
 *(SORT(.text*))
 .text          0x00000000000180c0       0xb4 /usr/local/Cellar/arm-none-eabi-gcc/5.0-2015-q4-major/bin/../lib/gcc/arm-none-eabi/5.2.1/armv6-m/crtbegin.o
 .text          0x0000000000018174       0x78 /usr/local/Cellar/arm-none-eabi-gcc/5.0-2015-q4-major/bin/../lib/gcc/arm-none-eabi/5.2.1/../../../../arm-none-eabi/lib/armv6-m/crt0.o
                0x0000000000018174                _mainCRTStartup
                0x0000000000018174                _start
 .text._Z15init_soft_delayv
                0x00000000000181ec       0x68 source/CMakeFiles/ds18b20.dir/Users/steven/Dropbox/Projects/ds18b20/source/DS1820.cpp.o
                0x00000000000181ec                init_soft_delay()
 .text._ZN6DS1820D2Ev
                0x0000000000018254       0x34 source/CMakeFiles/ds18b20.dir/Users/steven/Dropbox/Projects/ds18b20/source/DS1820.cpp.o
                0x0000000000018254                DS1820::~DS1820()
                0x0000000000018254                DS1820::~DS1820()
 .text._ZN6DS182013onewire_resetEPN4mbed12DigitalInOutE
                0x0000000000018288       0x7c source/CMakeFiles/ds18b20.dir/Users/steven/Dropbox/Projects/ds18b20/source/DS1820.cpp.o
                0x0000000000018288                DS1820::onewire_reset(mbed::DigitalInOut*)
 .text._ZN6DS182015onewire_bit_outEPN4mbed12DigitalInOutEb
                0x0000000000018304       0x84 source/CMakeFiles/ds18b20.dir/Users/steven/Dropbox/Projects/ds18b20/source/DS1820.cpp.o
                0x0000000000018304                DS1820::onewire_bit_out(mbed::DigitalInOut*, bool)
 .text._ZN6DS182014onewire_bit_inEPN4mbed12DigitalInOutE
                0x0000000000018388       0x78 source/CMakeFiles/ds18b20.dir/Users/steven/Dropbox/Projects/ds18b20/source/DS1820.cpp.o
                0x0000000000018388                DS1820::onewire_bit_in(mbed::DigitalInOut*)
 .text._ZN6DS182018search_ROM_routineEPN4mbed12DigitalInOutEcPc
                0x0000000000018400      0x124 source/CMakeFiles/ds18b20.dir/Users/steven/Dropbox/Projects/ds18b20/source/DS1820.cpp.o
                0x0000000000018400                DS1820::search_ROM_routine(mbed::DigitalInOut*, char, char*)
 .text._ZN6DS182018convertTemperatureEbNS_7devicesE
                0x0000000000018524       0xb8 source/CMakeFiles/ds18b20.dir/Users/steven/Dropbox/Projects/ds18b20/source/DS1820.cpp.o
                0x0000000000018524                DS1820::convertTemperature(bool, DS1820::devices)
 .text._ZN6DS182011temperatureEc
                0x00000000000185dc       0xec source/CMakeFiles/ds18b20.dir/Users/steven/Dropbox/Projects/ds18b20/source/DS1820.cpp.o
                0x00000000000185dc                DS1820::temperature(char)
 .text._ZN6DS1820C2E7PinNameS0_b
                0x00000000000186c8       0x98 source/CMakeFiles/ds18b20.dir/Users/steven/Dropbox/Projects/ds18b20/source/DS1820.cpp.o
                0x00000000000186c8                DS1820::DS1820(PinName, PinName, bool)
                0x00000000000186c8                DS1820::DS1820(PinName, PinName, bool)
 .text.startup._GLOBAL__sub_I__Z15init_soft_delayv
                0x0000000000018760       0x24 source/CMakeFiles/ds18b20.dir/Users/steven/Dropbox/Projects/ds18b20/source/DS1820.cpp.o
 .text._ZN14MicroBitSerialD2Ev
                0x0000000000018784       0x18 source/CMakeFiles/ds18b20.dir/Users/steven/Dropbox/Projects/ds18b20/source/main.cpp.o
                0x0000000000018784                MicroBitSerial::~MicroBitSerial()
                0x0000000000018784                MicroBitSerial::~MicroBitSerial()
 .text.startup.main
                0x000000000001879c       0x44 source/CMakeFiles/ds18b20.dir/Users/steven/Dropbox/Projects/ds18b20/source/main.cpp.o
                0x000000000001879c                main
 .text.startup._GLOBAL__sub_I_uBit
                0x00000000000187e0       0x48 source/CMakeFiles/ds18b20.dir/Users/steven/Dropbox/Projects/ds18b20/source/main.cpp.o
 .text._ZN8MicroBitD2Ev
                0x0000000000018828       0x6c source/CMakeFiles/ds18b20.dir/Users/steven/Dropbox/Projects/ds18b20/source/main.cpp.o
                0x0000000000018828                MicroBit::~MicroBit()
                0x0000000000018828                MicroBit::~MicroBit()
 .text._ZN8MicroBitC2Ev
                0x0000000000018894      0x180 ym/microbit/source/microbit.a(MicroBit.cpp.o)
                0x0000000000018894                MicroBit::MicroBit()
                0x0000000000018894                MicroBit::MicroBit()
 .text._ZN8MicroBit4initEv
                0x0000000000018a14      0x18c ym/microbit/source/microbit.a(MicroBit.cpp.o)
                0x0000000000018a14                MicroBit::init()
 .text.NVIC_SystemReset
                0x0000000000018ba0       0x18 ym/microbit-dal/source/microbit-dal.a(MicroBitDevice.cpp.o)
 .text._Z22microbit_friendly_namev
                0x0000000000018bb8       0x68 ym/microbit-dal/source/microbit-dal.a(MicroBitDevice.cpp.o)
                0x0000000000018bb8                microbit_friendly_name()
 .text._Z14microbit_panici
                0x0000000000018c20      0x168 ym/microbit-dal/source/microbit-dal.a(MicroBitDevice.cpp.o)
                0x0000000000018c20                microbit_panic(int)
 .text._Z20microbit_seed_randomv
                0x0000000000018d88       0x68 ym/microbit-dal/source/microbit-dal.a(MicroBitDevice.cpp.o)
                0x0000000000018d88                microbit_seed_random()
 .text._ZN10EventModel6listenEiiPFv13MicroBitEventEt
                0x0000000000018df0       0x60 ym/microbit-dal/source/microbit-dal.a(MicroBitFiber.cpp.o)
                0x0000000000018df0                EventModel::listen(int, int, void (*)(MicroBitEvent), unsigned short)
 .text._Z14scheduler_tickv
                0x0000000000018e50       0x38 ym/microbit-dal/source/microbit-dal.a(MicroBitFiber.cpp.o)
                0x0000000000018e50                scheduler_tick()
 .text._Z15scheduler_event13MicroBitEvent
                0x0000000000018e88       0xd0 ym/microbit-dal/source/microbit-dal.a(MicroBitFiber.cpp.o)
                0x0000000000018e88                scheduler_event(MicroBitEvent)
 .text._Z15getFiberContextv
                0x0000000000018f58       0x3c ym/microbit-dal/source/microbit-dal.a(MicroBitFiber.cpp.o)
                0x0000000000018f58                getFiberContext()
 .text._Z23fiber_scheduler_runningv
                0x0000000000018f94       0x10 ym/microbit-dal/source/microbit-dal.a(MicroBitFiber.cpp.o)
                0x0000000000018f94                fiber_scheduler_running()
 .text._Z14scheduler_initR10EventModel
                0x0000000000018fa4       0xa8 ym/microbit-dal/source/microbit-dal.a(MicroBitFiber.cpp.o)
                0x0000000000018fa4                scheduler_init(EventModel&)
 .text._Z14__create_fibermmmi
                0x000000000001904c       0x50 ym/microbit-dal/source/microbit-dal.a(MicroBitFiber.cpp.o)
                0x000000000001904c                __create_fiber(unsigned long, unsigned long, unsigned long, int)
 .text._Z24scheduler_runqueue_emptyv
                0x000000000001909c       0x10 ym/microbit-dal/source/microbit-dal.a(MicroBitFiber.cpp.o)
                0x000000000001909c                scheduler_runqueue_empty()
 .text._Z24fiber_add_idle_componentP17MicroBitComponent
                0x00000000000190ac       0x1c ym/microbit-dal/source/microbit-dal.a(MicroBitFiber.cpp.o)
                0x00000000000190ac                fiber_add_idle_component(MicroBitComponent*)
 .text._Z27fiber_remove_idle_componentP17MicroBitComponent
                0x00000000000190c8       0x1c ym/microbit-dal/source/microbit-dal.a(MicroBitFiber.cpp.o)
                0x00000000000190c8                fiber_remove_idle_component(MicroBitComponent*)
 .text._Z4idlev
                0x00000000000190e4       0x2c ym/microbit-dal/source/microbit-dal.a(MicroBitFiber.cpp.o)
                0x00000000000190e4                idle()
 .text._Z8schedulev
                0x0000000000019110       0xd0 ym/microbit-dal/source/microbit-dal.a(MicroBitFiber.cpp.o)
                0x0000000000019110                schedule()
 .text._Z11fiber_sleepm
                0x00000000000191e0       0x54 ym/microbit-dal/source/microbit-dal.a(MicroBitFiber.cpp.o)
                0x00000000000191e0                fiber_sleep(unsigned long)
 .text._Z19fiber_wake_on_eventtt
                0x0000000000019234       0x9c ym/microbit-dal/source/microbit-dal.a(MicroBitFiber.cpp.o)
                0x0000000000019234                fiber_wake_on_event(unsigned short, unsigned short)
 .text._Z13release_fiberv
                0x00000000000192d0       0x28 ym/microbit-dal/source/microbit-dal.a(MicroBitFiber.cpp.o)
                0x00000000000192d0                release_fiber()
 .text._Z6invokePFvPvES_
                0x00000000000192f8       0x80 ym/microbit-dal/source/microbit-dal.a(MicroBitFiber.cpp.o)
                0x00000000000192f8                invoke(void (*)(void*), void*)
 .text._ZN12MicroBitFont13getSystemFontEv
                0x0000000000019378       0x10 ym/microbit-dal/source/microbit-dal.a(MicroBitFont.cpp.o)
                0x0000000000019378                MicroBitFont::getSystemFont()
 .text.startup._GLOBAL__sub_I__ZN12MicroBitFont11defaultFontE
                0x0000000000019388       0x18 ym/microbit-dal/source/microbit-dal.a(MicroBitFont.cpp.o)
 .text._Z20microbit_create_heapmm
                0x00000000000193a0       0x58 ym/microbit-dal/source/microbit-dal.a(MicroBitHeapAllocator.cpp.o)
                0x00000000000193a0                microbit_create_heap(unsigned long, unsigned long)
 .text._Z27microbit_create_nested_heapf
                0x00000000000193f8       0x70 ym/microbit-dal/source/microbit-dal.a(MicroBitHeapAllocator.cpp.o)
                0x00000000000193f8                microbit_create_nested_heap(float)
 .text._Z15microbit_mallocj
                0x0000000000019468       0x44 ym/microbit-dal/source/microbit-dal.a(MicroBitHeapAllocator.cpp.o)
                0x0000000000019468                microbit_malloc(unsigned int)
 .text._Z13microbit_freePv
                0x00000000000194ac       0x44 ym/microbit-dal/source/microbit-dal.a(MicroBitHeapAllocator.cpp.o)
                0x00000000000194ac                microbit_free(void*)
 .text._Z23system_timer_set_periodi
                0x00000000000194f0       0x48 ym/microbit-dal/source/microbit-dal.a(MicroBitSystemTimer.cpp.o)
                0x00000000000194f0                system_timer_set_period(int)
 .text._Z17system_timer_initi
                0x0000000000019538       0x54 ym/microbit-dal/source/microbit-dal.a(MicroBitSystemTimer.cpp.o)
                0x0000000000019538                system_timer_init(int)
 .text._Z23system_timer_get_periodv
                0x000000000001958c        0xc ym/microbit-dal/source/microbit-dal.a(MicroBitSystemTimer.cpp.o)
                0x000000000001958c                system_timer_get_period()
 .text._Z11update_timev
                0x0000000000019598       0x44 ym/microbit-dal/source/microbit-dal.a(MicroBitSystemTimer.cpp.o)
                0x0000000000019598                update_time()
 .text._Z17system_timer_tickv
                0x00000000000195dc       0x24 ym/microbit-dal/source/microbit-dal.a(MicroBitSystemTimer.cpp.o)
                0x00000000000195dc                system_timer_tick()
 .text._Z25system_timer_current_timev
                0x0000000000019600       0x1c ym/microbit-dal/source/microbit-dal.a(MicroBitSystemTimer.cpp.o)
                0x0000000000019600                system_timer_current_time()
 .text._Z28system_timer_current_time_usv
                0x000000000001961c       0x14 ym/microbit-dal/source/microbit-dal.a(MicroBitSystemTimer.cpp.o)
                0x000000000001961c                system_timer_current_time_us()
 .text._Z26system_timer_add_componentP17MicroBitComponent
                0x0000000000019630       0x3c ym/microbit-dal/source/microbit-dal.a(MicroBitSystemTimer.cpp.o)
                0x0000000000019630                system_timer_add_component(MicroBitComponent*)
 .text._Z29system_timer_remove_componentP17MicroBitComponent
                0x000000000001966c       0x1c ym/microbit-dal/source/microbit-dal.a(MicroBitSystemTimer.cpp.o)
                0x000000000001966c                system_timer_remove_component(MicroBitComponent*)
 .text._ZN13ManagedStringC2EPKc
                0x0000000000019688       0x20 ym/microbit-dal/source/microbit-dal.a(ManagedString.cpp.o)
                0x0000000000019688                ManagedString::ManagedString(char const*)
                0x0000000000019688                ManagedString::ManagedString(char const*)
 .text._ZN13ManagedStringC2EPKcs
                0x00000000000196a8       0x54 ym/microbit-dal/source/microbit-dal.a(ManagedString.cpp.o)
                0x00000000000196a8                ManagedString::ManagedString(char const*, short)
                0x00000000000196a8                ManagedString::ManagedString(char const*, short)
 .text._ZN13ManagedStringC2Ev
                0x00000000000196fc        0xc ym/microbit-dal/source/microbit-dal.a(ManagedString.cpp.o)
                0x00000000000196fc                ManagedString::ManagedString()
                0x00000000000196fc                ManagedString::ManagedString()
 .text.startup._GLOBAL__sub_I__ZN13ManagedString9initEmptyEv
                0x0000000000019708       0x28 ym/microbit-dal/source/microbit-dal.a(ManagedString.cpp.o)
 .text._ZN13MicroBitEvent4fireEv
                0x0000000000019730       0x28 ym/microbit-dal/source/microbit-dal.a(MicroBitEvent.cpp.o)
                0x0000000000019730                MicroBitEvent::fire()
 .text.startup._GLOBAL__sub_I__ZN12PacketBuffer11EmptyPacketE
                0x0000000000019758       0x24 ym/microbit-dal/source/microbit-dal.a(PacketBuffer.cpp.o)
 .text._ZL16isReadOnlyInlineP10RefCounted
                0x000000000001977c       0x24 ym/microbit-dal/source/microbit-dal.a(RefCounted.cpp.o)
 .text._ZN21MicroBitAccelerometerD2Ev
                0x00000000000197a0       0x18 ym/microbit-dal/source/microbit-dal.a(MicroBitAccelerometer.cpp.o)
                0x00000000000197a0                MicroBitAccelerometer::~MicroBitAccelerometer()
                0x00000000000197a0                MicroBitAccelerometer::~MicroBitAccelerometer()
 .text._ZN21MicroBitAccelerometer9configureEv
                0x00000000000197b8       0xbc ym/microbit-dal/source/microbit-dal.a(MicroBitAccelerometer.cpp.o)
                0x00000000000197b8                MicroBitAccelerometer::configure()
 .text._ZN21MicroBitAccelerometer11readCommandEhPhi
                0x0000000000019874       0x4c ym/microbit-dal/source/microbit-dal.a(MicroBitAccelerometer.cpp.o)
                0x0000000000019874                MicroBitAccelerometer::readCommand(unsigned char, unsigned char*, int)
 .text._ZN21MicroBitAccelerometerC2ER11MicroBitI2Ctt
                0x00000000000198c0       0x94 ym/microbit-dal/source/microbit-dal.a(MicroBitAccelerometer.cpp.o)
                0x00000000000198c0                MicroBitAccelerometer::MicroBitAccelerometer(MicroBitI2C&, unsigned short, unsigned short)
                0x00000000000198c0                MicroBitAccelerometer::MicroBitAccelerometer(MicroBitI2C&, unsigned short, unsigned short)
 .text._ZN21MicroBitAccelerometer12updateSampleEv
                0x0000000000019954       0x84 ym/microbit-dal/source/microbit-dal.a(MicroBitAccelerometer.cpp.o)
                0x0000000000019954                MicroBitAccelerometer::updateSample()
 .text._ZN21MicroBitAccelerometer20instantaneousPostureEv
                0x00000000000199d8      0x20c ym/microbit-dal/source/microbit-dal.a(MicroBitAccelerometer.cpp.o)
                0x00000000000199d8                MicroBitAccelerometer::instantaneousPosture()
 .text._ZN14MicroBitButtonD2Ev
                0x0000000000019be4       0x18 ym/microbit-dal/source/microbit-dal.a(MicroBitButton.cpp.o)
                0x0000000000019be4                MicroBitButton::~MicroBitButton()
                0x0000000000019be4                MicroBitButton::~MicroBitButton()
 .text._ZN14MicroBitButton10systemTickEv
                0x0000000000019bfc       0xe0 ym/microbit-dal/source/microbit-dal.a(MicroBitButton.cpp.o)
                0x0000000000019bfc                MicroBitButton::systemTick()
 .text._ZN14MicroBitButtonC2E7PinNamet32MicroBitButtonEventConfiguration7PinMode
                0x0000000000019cdc       0x5c ym/microbit-dal/source/microbit-dal.a(MicroBitButton.cpp.o)
                0x0000000000019cdc                MicroBitButton::MicroBitButton(PinName, unsigned short, MicroBitButtonEventConfiguration, PinMode)
                0x0000000000019cdc                MicroBitButton::MicroBitButton(PinName, unsigned short, MicroBitButtonEventConfiguration, PinMode)
 .text._ZN15MicroBitCompassD2Ev
                0x0000000000019d38       0x18 ym/microbit-dal/source/microbit-dal.a(MicroBitCompass.cpp.o)
                0x0000000000019d38                MicroBitCompass::~MicroBitCompass()
                0x0000000000019d38                MicroBitCompass::~MicroBitCompass()
 .text._ZN15MicroBitCompass11readCommandEhPhi
                0x0000000000019d50       0x4c ym/microbit-dal/source/microbit-dal.a(MicroBitCompass.cpp.o)
                0x0000000000019d50                MicroBitCompass::readCommand(unsigned char, unsigned char*, int)
 .text._ZN15MicroBitCompass6read16Eh
                0x0000000000019d9c       0x4c ym/microbit-dal/source/microbit-dal.a(MicroBitCompass.cpp.o)
                0x0000000000019d9c                MicroBitCompass::read16(unsigned char)
 .text._ZN15MicroBitCompass5read8Eh
                0x0000000000019de8       0x24 ym/microbit-dal/source/microbit-dal.a(MicroBitCompass.cpp.o)
                0x0000000000019de8                MicroBitCompass::read8(unsigned char)
 .text._ZN15MicroBitCompass12basicBearingEv
                0x0000000000019e0c       0x80 ym/microbit-dal/source/microbit-dal.a(MicroBitCompass.cpp.o)
                0x0000000000019e0c                MicroBitCompass::basicBearing()
 .text._ZN15MicroBitCompass22tiltCompensatedBearingEv
                0x0000000000019e8c      0x138 ym/microbit-dal/source/microbit-dal.a(MicroBitCompass.cpp.o)
                0x0000000000019e8c                MicroBitCompass::tiltCompensatedBearing()
 .text._ZN15MicroBitCompass9configureEv
                0x0000000000019fc4       0x8c ym/microbit-dal/source/microbit-dal.a(MicroBitCompass.cpp.o)
                0x0000000000019fc4                MicroBitCompass::configure()
 .text._ZN15MicroBitCompass9calibrateEv
                0x000000000001a050       0x4c ym/microbit-dal/source/microbit-dal.a(MicroBitCompass.cpp.o)
                0x000000000001a050                MicroBitCompass::calibrate()
 .text._ZN15MicroBitCompass7headingEv
                0x000000000001a09c       0x30 ym/microbit-dal/source/microbit-dal.a(MicroBitCompass.cpp.o)
                0x000000000001a09c                MicroBitCompass::heading()
 .text._ZN15MicroBitCompass14setCalibrationE13CompassSample
                0x000000000001a0cc       0x48 ym/microbit-dal/source/microbit-dal.a(MicroBitCompass.cpp.o)
                0x000000000001a0cc                MicroBitCompass::setCalibration(CompassSample)
 .text._ZN15MicroBitCompass4initEtt
                0x000000000001a114       0x58 ym/microbit-dal/source/microbit-dal.a(MicroBitCompass.cpp.o)
                0x000000000001a114                MicroBitCompass::init(unsigned short, unsigned short)
 .text._ZN15MicroBitCompassC2ER11MicroBitI2CR21MicroBitAccelerometerR15MicroBitStoragett
                0x000000000001a16c       0x50 ym/microbit-dal/source/microbit-dal.a(MicroBitCompass.cpp.o)
                0x000000000001a16c                MicroBitCompass::MicroBitCompass(MicroBitI2C&, MicroBitAccelerometer&, MicroBitStorage&, unsigned short, unsigned short)
                0x000000000001a16c                MicroBitCompass::MicroBitCompass(MicroBitI2C&, MicroBitAccelerometer&, MicroBitStorage&, unsigned short, unsigned short)
 .text._ZN25MicroBitCompassCalibrator9calibrateE13MicroBitEvent
                0x000000000001a1bc      0x36c ym/microbit-dal/source/microbit-dal.a(MicroBitCompassCalibrator.cpp.o)
                0x000000000001a1bc                MicroBitCompassCalibrator::calibrate(MicroBitEvent)
 .text._ZN25MicroBitCompassCalibratorC2ER15MicroBitCompassR21MicroBitAccelerometerR15MicroBitDisplay
                0x000000000001a528       0x94 ym/microbit-dal/source/microbit-dal.a(MicroBitCompassCalibrator.cpp.o)
                0x000000000001a528                MicroBitCompassCalibrator::MicroBitCompassCalibrator(MicroBitCompass&, MicroBitAccelerometer&, MicroBitDisplay&)
                0x000000000001a528                MicroBitCompassCalibrator::MicroBitCompassCalibrator(MicroBitCompass&, MicroBitAccelerometer&, MicroBitDisplay&)
 .text._ZN15MicroBitDisplay15renderGreyscaleEv
                0x000000000001a5bc       0xe4 ym/microbit-dal/source/microbit-dal.a(MicroBitDisplay.cpp.o)
                0x000000000001a5bc                MicroBitDisplay::renderGreyscale()
 .text._ZN4mbed6TickerD2Ev
                0x000000000001a6a0       0x1c ym/microbit-dal/source/microbit-dal.a(MicroBitDisplay.cpp.o)
                0x000000000001a6a0                mbed::Ticker::~Ticker()
                0x000000000001a6a0                mbed::Ticker::~Ticker()
 .text._ZN15MicroBitDisplayD2Ev
                0x000000000001a6bc       0x48 ym/microbit-dal/source/microbit-dal.a(MicroBitDisplay.cpp.o)
                0x000000000001a6bc                MicroBitDisplay::~MicroBitDisplay()
                0x000000000001a6bc                MicroBitDisplay::~MicroBitDisplay()
 .text._ZN15MicroBitDisplayC2EtRK9MatrixMap
                0x000000000001a704       0xd8 ym/microbit-dal/source/microbit-dal.a(MicroBitDisplay.cpp.o)
                0x000000000001a704                MicroBitDisplay::MicroBitDisplay(unsigned short, MatrixMap const&)
                0x000000000001a704                MicroBitDisplay::MicroBitDisplay(unsigned short, MatrixMap const&)
 .text._ZN15MicroBitDisplay6renderEv
                0x000000000001a7dc       0xf0 ym/microbit-dal/source/microbit-dal.a(MicroBitDisplay.cpp.o)
                0x000000000001a7dc                MicroBitDisplay::render()
 .text._ZN15MicroBitDisplay26sendAnimationCompleteEventEv
                0x000000000001a8cc       0x24 ym/microbit-dal/source/microbit-dal.a(MicroBitDisplay.cpp.o)
                0x000000000001a8cc                MicroBitDisplay::sendAnimationCompleteEvent()
 .text._ZN15MicroBitDisplay13stopAnimationEv
                0x000000000001a8f0       0x38 ym/microbit-dal/source/microbit-dal.a(MicroBitDisplay.cpp.o)
                0x000000000001a8f0                MicroBitDisplay::stopAnimation()
 .text._ZN15MicroBitDisplay18waitForFreeDisplayEv
                0x000000000001a928       0x20 ym/microbit-dal/source/microbit-dal.a(MicroBitDisplay.cpp.o)
                0x000000000001a928                MicroBitDisplay::waitForFreeDisplay()
 .text._ZN15MicroBitDisplay9fiberWaitEv
                0x000000000001a948       0x2c ym/microbit-dal/source/microbit-dal.a(MicroBitDisplay.cpp.o)
                0x000000000001a948                MicroBitDisplay::fiberWait()
 .text._ZN15MicroBitDisplay10printAsyncE13MicroBitImageiiii
                0x000000000001a974       0x58 ym/microbit-dal/source/microbit-dal.a(MicroBitDisplay.cpp.o)
                0x000000000001a974                MicroBitDisplay::printAsync(MicroBitImage, int, int, int, int)
 .text._ZN15MicroBitDisplay5printE13MicroBitImageiiii
                0x000000000001a9cc       0x64 ym/microbit-dal/source/microbit-dal.a(MicroBitDisplay.cpp.o)
                0x000000000001a9cc                MicroBitDisplay::print(MicroBitImage, int, int, int, int)
 .text._ZN15MicroBitDisplay11scrollAsyncE13ManagedStringi
                0x000000000001aa30       0x54 ym/microbit-dal/source/microbit-dal.a(MicroBitDisplay.cpp.o)
                0x000000000001aa30                MicroBitDisplay::scrollAsync(ManagedString, int)
 .text._ZN15MicroBitDisplay6scrollE13ManagedStringi
                0x000000000001aa84       0x4c ym/microbit-dal/source/microbit-dal.a(MicroBitDisplay.cpp.o)
                0x000000000001aa84                MicroBitDisplay::scroll(ManagedString, int)
 .text._ZN15MicroBitDisplay13setBrightnessEi
                0x000000000001aad0       0x14 ym/microbit-dal/source/microbit-dal.a(MicroBitDisplay.cpp.o)
                0x000000000001aad0                MicroBitDisplay::setBrightness(int)
 .text._ZN11MicroBitI2C4readEiPcib
                0x000000000001aae4       0x94 ym/microbit-dal/source/microbit-dal.a(MicroBitI2C.cpp.o)
                0x000000000001aae4                MicroBitI2C::read(int, char*, int, bool)
 .text._ZN11MicroBitI2C5writeEiPKcib
                0x000000000001ab78       0x94 ym/microbit-dal/source/microbit-dal.a(MicroBitI2C.cpp.o)
                0x000000000001ab78                MicroBitI2C::write(int, char const*, int, bool)
 .text._ZN18MicroBitMessageBus6removeEP16MicroBitListener
                0x000000000001ac0c       0x78 ym/microbit-dal/source/microbit-dal.a(MicroBitMessageBus.cpp.o)
                0x000000000001ac0c                MicroBitMessageBus::remove(MicroBitListener*)
 .text._ZN18MicroBitMessageBus3addEP16MicroBitListener
                0x000000000001ac84       0xe8 ym/microbit-dal/source/microbit-dal.a(MicroBitMessageBus.cpp.o)
                0x000000000001ac84                MicroBitMessageBus::add(MicroBitListener*)
 .text._ZN18MicroBitMessageBusD2Ev
                0x000000000001ad6c       0x20 ym/microbit-dal/source/microbit-dal.a(MicroBitMessageBus.cpp.o)
                0x000000000001ad6c                MicroBitMessageBus::~MicroBitMessageBus()
                0x000000000001ad6c                MicroBitMessageBus::~MicroBitMessageBus()
 .text._ZThn4_N18MicroBitMessageBusD1Ev
                0x000000000001ad8c       0x10 ym/microbit-dal/source/microbit-dal.a(MicroBitMessageBus.cpp.o)
                0x000000000001ad8c                non-virtual thunk to MicroBitMessageBus::~MicroBitMessageBus()
 .text._ZThn4_N18MicroBitMessageBusD0Ev
                0x000000000001ad9c       0x10 ym/microbit-dal/source/microbit-dal.a(MicroBitMessageBus.cpp.o)
                0x000000000001ad9c                non-virtual thunk to MicroBitMessageBus::~MicroBitMessageBus()
 .text._ZN18MicroBitMessageBusC2Ev
                0x000000000001adac       0x3c ym/microbit-dal/source/microbit-dal.a(MicroBitMessageBus.cpp.o)
                0x000000000001adac                MicroBitMessageBus::MicroBitMessageBus()
                0x000000000001adac                MicroBitMessageBus::MicroBitMessageBus()
 .text._ZN18MicroBitMessageBus7processER13MicroBitEventb
                0x000000000001ade8       0x88 ym/microbit-dal/source/microbit-dal.a(MicroBitMessageBus.cpp.o)
                0x000000000001ade8                MicroBitMessageBus::process(MicroBitEvent&, bool)
 .text._ZThn4_N18MicroBitMessageBus8idleTickEv
                0x000000000001ae70       0x10 ym/microbit-dal/source/microbit-dal.a(MicroBitMessageBus.cpp.o)
                0x000000000001ae70                non-virtual thunk to MicroBitMessageBus::idleTick()
 .text._ZN10EventModel6listenI19MicroBitMultiButtonEEittPT_MS2_Fv13MicroBitEventEt
                0x000000000001ae80       0xac ym/microbit-dal/source/microbit-dal.a(MicroBitMultiButton.cpp.o)
                0x000000000001ae80                int EventModel::listen<MicroBitMultiButton>(unsigned short, unsigned short, MicroBitMultiButton*, void (MicroBitMultiButton::*)(MicroBitEvent), unsigned short)
 .text._ZN19MicroBitMultiButtonC2Ettt
                0x000000000001af2c       0x70 ym/microbit-dal/source/microbit-dal.a(MicroBitMultiButton.cpp.o)
                0x000000000001af2c                MicroBitMultiButton::MicroBitMultiButton(unsigned short, unsigned short, unsigned short)
                0x000000000001af2c                MicroBitMultiButton::MicroBitMultiButton(unsigned short, unsigned short, unsigned short)
 .text._ZN11MicroBitPinC2Ei7PinName13PinCapability
                0x000000000001af9c       0x1c ym/microbit-dal/source/microbit-dal.a(MicroBitPin.cpp.o)
                0x000000000001af9c                MicroBitPin::MicroBitPin(int, PinName, PinCapability)
                0x000000000001af9c                MicroBitPin::MicroBitPin(int, PinName, PinCapability)
 .text._ZN13MicroBitRadioC2Et
                0x000000000001afb8       0x44 ym/microbit-dal/source/microbit-dal.a(MicroBitRadio.cpp.o)
                0x000000000001afb8                MicroBitRadio::MicroBitRadio(unsigned short)
                0x000000000001afb8                MicroBitRadio::MicroBitRadio(unsigned short)
 .text._ZN13MicroBitRadio7setRSSIEi
                0x000000000001affc       0x14 ym/microbit-dal/source/microbit-dal.a(MicroBitRadio.cpp.o)
                0x000000000001affc                MicroBitRadio::setRSSI(int)
 .text._ZN13MicroBitRadio7getRSSIEv
                0x000000000001b010       0x14 ym/microbit-dal/source/microbit-dal.a(MicroBitRadio.cpp.o)
                0x000000000001b010                MicroBitRadio::getRSSI()
 .text._ZN13MicroBitRadio10queueRxBufEv
                0x000000000001b024       0x60 ym/microbit-dal/source/microbit-dal.a(MicroBitRadio.cpp.o)
                0x000000000001b024                MicroBitRadio::queueRxBuf()
 .text.RADIO_IRQHandler
                0x000000000001b084       0x68 ym/microbit-dal/source/microbit-dal.a(MicroBitRadio.cpp.o)
                0x000000000001b084                RADIO_IRQHandler
 .text._ZN13MicroBitRadio4recvEv
                0x000000000001b0ec       0x28 ym/microbit-dal/source/microbit-dal.a(MicroBitRadio.cpp.o)
                0x000000000001b0ec                MicroBitRadio::recv()
 .text._ZN14MicroBitSerial4baudEi
                0x000000000001b114       0x14 ym/microbit-dal/source/microbit-dal.a(MicroBitSerial.cpp.o)
                0x000000000001b114                MicroBitSerial::baud(int)
 .text._ZN14MicroBitSerialC2E7PinNameS0_hh
                0x000000000001b128       0x50 ym/microbit-dal/source/microbit-dal.a(MicroBitSerial.cpp.o)
                0x000000000001b128                MicroBitSerial::MicroBitSerial(PinName, PinName, unsigned char, unsigned char)
                0x000000000001b128                MicroBitSerial::MicroBitSerial(PinName, PinName, unsigned char, unsigned char)
 .text._ZN15MicroBitStorage4sizeEv
                0x000000000001b178       0x60 ym/microbit-dal/source/microbit-dal.a(MicroBitStorage.cpp.o)
                0x000000000001b178                MicroBitStorage::size()
 .text._ZN15MicroBitStorage3putEPKcPhi
                0x000000000001b1d8      0x1ac ym/microbit-dal/source/microbit-dal.a(MicroBitStorage.cpp.o)
                0x000000000001b1d8                MicroBitStorage::put(char const*, unsigned char*, int)
 .text._ZN19MicroBitThermometerC2ER15MicroBitStoraget
                0x000000000001b384       0x48 ym/microbit-dal/source/microbit-dal.a(MicroBitThermometer.cpp.o)
                0x000000000001b384                MicroBitThermometer::MicroBitThermometer(MicroBitStorage&, unsigned short)
                0x000000000001b384                MicroBitThermometer::MicroBitThermometer(MicroBitStorage&, unsigned short)
 .text._ZN19MicroBitThermometer12updateSampleEv
                0x000000000001b3cc       0x90 ym/microbit-dal/source/microbit-dal.a(MicroBitThermometer.cpp.o)
                0x000000000001b3cc                MicroBitThermometer::updateSample()
 .text._ZL18nvmc_event_handlerm
                0x000000000001b45c       0x10 ym/microbit-dal/source/microbit-dal.a(MicroBitFlash.cpp.o)
 .text._ZN13MicroBitFlashC2Ev
                0x000000000001b46c       0x24 ym/microbit-dal/source/microbit-dal.a(MicroBitFlash.cpp.o)
                0x000000000001b46c                MicroBitFlash::MicroBitFlash()
                0x000000000001b46c                MicroBitFlash::MicroBitFlash()
 .text._ZN13MicroBitFlash10erase_pageEPm
                0x000000000001b490       0x74 ym/microbit-dal/source/microbit-dal.a(MicroBitFlash.cpp.o)
                0x000000000001b490                MicroBitFlash::erase_page(unsigned long*)
 .text._ZN13MicroBitFlash10flash_burnEPmS0_i
                0x000000000001b504       0x84 ym/microbit-dal/source/microbit-dal.a(MicroBitFlash.cpp.o)
                0x000000000001b504                MicroBitFlash::flash_burn(unsigned long*, unsigned long*, int)
 .text._ZN18MicroBitBLEManagerD2Ev
                0x000000000001b588       0x20 ym/microbit-dal/source/microbit-dal.a(MicroBitBLEManager.cpp.o)
                0x000000000001b588                MicroBitBLEManager::~MicroBitBLEManager()
                0x000000000001b588                MicroBitBLEManager::~MicroBitBLEManager()
 .text._ZL25bleSysAttrMissingCallbackPK32GattSysAttrMissingCallbackParams
                0x000000000001b5a8       0xc4 ym/microbit-dal/source/microbit-dal.a(MicroBitBLEManager.cpp.o)
 .text._ZN18MicroBitBLEManager8idleTickEv
                0x000000000001b66c      0x114 ym/microbit-dal/source/microbit-dal.a(MicroBitBLEManager.cpp.o)
                0x000000000001b66c                MicroBitBLEManager::idleTick()
 .text._ZN18GapAdvertisingData7addDataENS_10DataType_tEPKhh
                0x000000000001b780       0xc8 ym/microbit-dal/source/microbit-dal.a(MicroBitBLEManager.cpp.o)
                0x000000000001b780                GapAdvertisingData::addData(GapAdvertisingData::DataType_t, unsigned char const*, unsigned char)
 .text._ZN18GattCharacteristicC2ERK4UUIDPhtthPP13GattAttributejb
                0x000000000001b848       0x94 ym/microbit-dal/source/microbit-dal.a(MicroBitBLEManager.cpp.o)
                0x000000000001b848                GattCharacteristic::GattCharacteristic(UUID const&, unsigned char*, unsigned short, unsigned short, unsigned char, GattAttribute**, unsigned int, bool)
                0x000000000001b848                GattCharacteristic::GattCharacteristic(UUID const&, unsigned char*, unsigned short, unsigned short, unsigned char, GattAttribute**, unsigned int, bool)
 .text._ZN3BLE22setAdvertisingIntervalEt
                0x000000000001b8dc       0x3c ym/microbit-dal/source/microbit-dal.a(MicroBitBLEManager.cpp.o)
                0x000000000001b8dc                BLE::setAdvertisingInterval(unsigned short)
 .text._ZN24DeviceInformationServiceC2ER3BLEPKcS3_S3_S3_S3_S3_
                0x000000000001b918      0x1dc ym/microbit-dal/source/microbit-dal.a(MicroBitBLEManager.cpp.o)
                0x000000000001b918                DeviceInformationService::DeviceInformationService(BLE&, char const*, char const*, char const*, char const*, char const*, char const*)
                0x000000000001b918                DeviceInformationService::DeviceInformationService(BLE&, char const*, char const*, char const*, char const*, char const*, char const*)
 .text._ZN18MicroBitBLEManagerC2ER15MicroBitStorage
                0x000000000001baf4       0x38 ym/microbit-dal/source/microbit-dal.a(MicroBitBLEManager.cpp.o)
                0x000000000001baf4                MicroBitBLEManager::MicroBitBLEManager(MicroBitStorage&)
                0x000000000001baf4                MicroBitBLEManager::MicroBitBLEManager(MicroBitStorage&)
 .text._ZL24bleDisconnectionCallbackPKN3Gap29DisconnectionCallbackParams_tE
                0x000000000001bb2c       0x3c ym/microbit-dal/source/microbit-dal.a(MicroBitBLEManager.cpp.o)
 .text._ZN18MicroBitBLEManager16setTransmitPowerEi
                0x000000000001bb68       0x30 ym/microbit-dal/source/microbit-dal.a(MicroBitBLEManager.cpp.o)
                0x000000000001bb68                MicroBitBLEManager::setTransmitPower(int)
 .text._ZN18MicroBitBLEManager4initE13ManagedStringS0_R10EventModelb
                0x000000000001bb98      0x2cc ym/microbit-dal/source/microbit-dal.a(MicroBitBLEManager.cpp.o)
                0x000000000001bb98                MicroBitBLEManager::init(ManagedString, ManagedString, EventModel&, bool)
 .text._ZL22passkeyDisplayCallbacktPKh
                0x000000000001be64       0x34 ym/microbit-dal/source/microbit-dal.a(MicroBitBLEManager.cpp.o)
 .text._ZL30securitySetupCompletedCallbacktN15SecurityManager26SecurityCompletionStatus_tE
                0x000000000001be98       0x40 ym/microbit-dal/source/microbit-dal.a(MicroBitBLEManager.cpp.o)
 .text._ZN18MicroBitBLEManager11pairingModeER15MicroBitDisplayR14MicroBitButton
                0x000000000001bed8      0x29c ym/microbit-dal/source/microbit-dal.a(MicroBitBLEManager.cpp.o)
                0x000000000001bed8                MicroBitBLEManager::pairingMode(MicroBitDisplay&, MicroBitButton&)
 .text._ZN18MicroBitDFUServiceC2ER3BLE
                0x000000000001c174      0x17c ym/microbit-dal/source/microbit-dal.a(MicroBitDFUService.cpp.o)
                0x000000000001c174                MicroBitDFUService::MicroBitDFUService(BLE&)
                0x000000000001c174                MicroBitDFUService::MicroBitDFUService(BLE&)
 .text._ZN20MicroBitEventServiceC2ER3BLER10EventModel
                0x000000000001c2f0      0x208 ym/microbit-dal/source/microbit-dal.a(MicroBitEventService.cpp.o)
                0x000000000001c2f0                MicroBitEventService::MicroBitEventService(BLE&, EventModel&)
                0x000000000001c2f0                MicroBitEventService::MicroBitEventService(BLE&, EventModel&)
 .text._ZN16MicroBitListenerC2I20MicroBitEventServiceEEttPT_MS2_Fv13MicroBitEventEt
                0x000000000001c4f8       0x68 ym/microbit-dal/source/microbit-dal.a(MicroBitEventService.cpp.o)
                0x000000000001c4f8                MicroBitListener::MicroBitListener<MicroBitEventService>(unsigned short, unsigned short, MicroBitEventService*, void (MicroBitEventService::*)(MicroBitEvent), unsigned short)
                0x000000000001c4f8                MicroBitListener::MicroBitListener<MicroBitEventService>(unsigned short, unsigned short, MicroBitEventService*, void (MicroBitEventService::*)(MicroBitEvent), unsigned short)
 .text._ZN20MicroBitEventService13onDataWrittenEPK23GattWriteCallbackParams
                0x000000000001c560       0xa4 ym/microbit-dal/source/microbit-dal.a(MicroBitEventService.cpp.o)
                0x000000000001c560                MicroBitEventService::onDataWritten(GattWriteCallbackParams const*)
 .text._ZN20MicroBitEventService8idleTickEv
                0x000000000001c604       0x54 ym/microbit-dal/source/microbit-dal.a(MicroBitEventService.cpp.o)
                0x000000000001c604                MicroBitEventService::idleTick()
 .text          0x000000000001c658      0x124 ym/microbit-dal/source/microbit-dal.a(CortexContextSwitch.s.obj)
                0x000000000001c658                swap_context
                0x000000000001c6da                save_context
                0x000000000001c71e                save_register_context
                0x000000000001c74e                restore_register_context
 .text._Z14string_reversePc
                0x000000000001c77c       0x30 ym/microbit-dal/source/microbit-dal.a(MicroBitCompat.cpp.o)
                0x000000000001c77c                string_reverse(char*)
 .text._Z4itoaiPc
                0x000000000001c7ac       0x68 ym/microbit-dal/source/microbit-dal.a(MicroBitCompat.cpp.o)
                0x000000000001c7ac                itoa(int, char*)
 .text._ZN13MicroBitImageC2Ev
                0x000000000001c814        0xc ym/microbit-dal/source/microbit-dal.a(MicroBitImage.cpp.o)
                0x000000000001c814                MicroBitImage::MicroBitImage()
                0x000000000001c814                MicroBitImage::MicroBitImage()
 .text._ZN13MicroBitImage13setPixelValueEssh
                0x000000000001c820       0x2c ym/microbit-dal/source/microbit-dal.a(MicroBitImage.cpp.o)
                0x000000000001c820                MicroBitImage::setPixelValue(short, short, unsigned char)
 .text._ZN13MicroBitImage10printImageEssPKh
                0x000000000001c84c       0x5c ym/microbit-dal/source/microbit-dal.a(MicroBitImage.cpp.o)
                0x000000000001c84c                MicroBitImage::printImage(short, short, unsigned char const*)
 .text._ZN13MicroBitImage4initEssPKh
                0x000000000001c8a8       0x4c ym/microbit-dal/source/microbit-dal.a(MicroBitImage.cpp.o)
                0x000000000001c8a8                MicroBitImage::init(short, short, unsigned char const*)
 .text._ZN13MicroBitImageC2EPKc
                0x000000000001c8f4       0xa4 ym/microbit-dal/source/microbit-dal.a(MicroBitImage.cpp.o)
                0x000000000001c8f4                MicroBitImage::MicroBitImage(char const*)
                0x000000000001c8f4                MicroBitImage::MicroBitImage(char const*)
 .text._ZN13MicroBitImage5printEcss
                0x000000000001c998       0x94 ym/microbit-dal/source/microbit-dal.a(MicroBitImage.cpp.o)
                0x000000000001c998                MicroBitImage::print(char, short, short)
 .text._ZN13MicroBitImage9shiftLeftEs
                0x000000000001ca2c       0x54 ym/microbit-dal/source/microbit-dal.a(MicroBitImage.cpp.o)
                0x000000000001ca2c                MicroBitImage::shiftLeft(short)
 .text.startup._GLOBAL__sub_I__ZN13MicroBitImage10EmptyImageE
                0x000000000001ca80       0x28 ym/microbit-dal/source/microbit-dal.a(MicroBitImage.cpp.o)
 .text._ZN3BLEC2Ej
                0x000000000001caa8       0x2c ym/ble/source/ble.a(BLE.cpp.o)
                0x000000000001caa8                BLE::BLE(unsigned int)
                0x000000000001caa8                BLE::BLE(unsigned int)
 .text._ZN3BLE8InstanceEj
                0x000000000001cad4       0x44 ym/ble/source/ble.a(BLE.cpp.o)
                0x000000000001cad4                BLE::Instance(unsigned int)
 .text._ZN3BLE3gapEv
                0x000000000001cb18       0x20 ym/ble/source/ble.a(BLE.cpp.o)
                0x000000000001cb18                BLE::gap()
 .text._ZN3BLE10gattServerEv
                0x000000000001cb38       0x20 ym/ble/source/ble.a(BLE.cpp.o)
                0x000000000001cb38                BLE::gattServer()
 .text._ZN3BLE15securityManagerEv
                0x000000000001cb58       0x20 ym/ble/source/ble.a(BLE.cpp.o)
                0x000000000001cb58                BLE::securityManager()
 .text._ZL16sys_evt_dispatchm
                0x000000000001cb78       0x1c ym/ble-nrf51822/source/ble-nrf51822.a(btle.cpp.o)
 .text._ZL12btle_handlerP9ble_evt_t
                0x000000000001cb94      0x178 ym/ble-nrf51822/source/ble-nrf51822.a(btle.cpp.o)
 .text.btle_set_gatt_table_size
                0x000000000001cd0c       0x14 ym/ble-nrf51822/source/ble-nrf51822.a(btle.cpp.o)
                0x000000000001cd0c                btle_set_gatt_table_size
 .text.btle_set_user_evt_handler
                0x000000000001cd20        0xc ym/ble-nrf51822/source/ble-nrf51822.a(btle.cpp.o)
                0x000000000001cd20                btle_set_user_evt_handler
 .text.btle_init
                0x000000000001cd2c       0xac ym/ble-nrf51822/source/ble-nrf51822.a(btle.cpp.o)
                0x000000000001cd2c                btle_init
 .text.app_error_handler
                0x000000000001cdd8       0x20 ym/ble-nrf51822/source/ble-nrf51822.a(btle.cpp.o)
                0x000000000001cdd8                app_error_handler
 .text._ZN15nRF5xGattServer4readEtPhPt
                0x000000000001cdf8       0x18 ym/ble-nrf51822/source/ble-nrf51822.a(nRF5xGattServer.cpp.o)
                0x000000000001cdf8                nRF5xGattServer::read(unsigned short, unsigned char*, unsigned short*)
 .text._ZN15nRF5xGattServer5writeEtPKhtb
                0x000000000001ce10       0x1c ym/ble-nrf51822/source/ble-nrf51822.a(nRF5xGattServer.cpp.o)
                0x000000000001ce10                nRF5xGattServer::write(unsigned short, unsigned char const*, unsigned short, bool)
 .text._ZN15nRF5xGattServer5writeEttPKhtb
                0x000000000001ce2c       0xf4 ym/ble-nrf51822/source/ble-nrf51822.a(nRF5xGattServer.cpp.o)
                0x000000000001ce2c                nRF5xGattServer::write(unsigned short, unsigned short, unsigned char const*, unsigned short, bool)
 .text._ZN15nRF5xGattServer10addServiceER11GattService
                0x000000000001cf20      0x1dc ym/ble-nrf51822/source/ble-nrf51822.a(nRF5xGattServer.cpp.o)
                0x000000000001cf20                nRF5xGattServer::addService(GattService&)
 .text._ZN10GattServer5resetEv
                0x000000000001d0fc       0xa8 ym/ble-nrf51822/source/ble-nrf51822.a(nRF5xGattServer.cpp.o)
                0x000000000001d0fc                GattServer::reset()
 .text._ZN15nRF5xGattServer5resetEv
                0x000000000001d1a4       0x50 ym/ble-nrf51822/source/ble-nrf51822.a(nRF5xGattServer.cpp.o)
                0x000000000001d1a4                nRF5xGattServer::reset()
 .text._ZNK8SafeBoolI26FunctionPointerWithContextItEEcvMN9SafeBool_4baseEKFvvEEv
                0x000000000001d1f4       0x18 ym/ble-nrf51822/source/ble-nrf51822.a(nRF5xGattServer.cpp.o)
                0x000000000001d1f4                SafeBool<FunctionPointerWithContext<unsigned short> >::operator void (SafeBool_::base::*)() const() const
 .text._ZN8nRF5xGap25getPermittedTxPowerValuesEPPKaPj
                0x000000000001d20c       0x10 ym/ble-nrf51822/source/ble-nrf51822.a(nRF5xGap.cpp.o)
                0x000000000001d20c                nRF5xGap::getPermittedTxPowerValues(signed char const**, unsigned int*)
 .text._Z31radioNotificationStaticCallbackb
                0x000000000001d21c       0x3c ym/ble-nrf51822/source/ble-nrf51822.a(nRF5xGap.cpp.o)
                0x000000000001d21c                radioNotificationStaticCallback(bool)
 .text._ZN8nRF5xGap21initRadioNotificationEv
                0x000000000001d258       0x1c ym/ble-nrf51822/source/ble-nrf51822.a(nRF5xGap.cpp.o)
                0x000000000001d258                nRF5xGap::initRadioNotification()
 .text._ZN3Gap5resetEv
                0x000000000001d274       0xbc ym/ble-nrf51822/source/ble-nrf51822.a(nRF5xGap.cpp.o)
                0x000000000001d274                Gap::reset()
 .text._ZN8nRF5xGap22generateStackWhitelistER19ble_gap_whitelist_t
                0x000000000001d330       0xe8 ym/ble-nrf51822/source/ble-nrf51822.a(nRF5xGap.cpp.o)
                0x000000000001d330                nRF5xGap::generateStackWhitelist(ble_gap_whitelist_t&)
 .text._ZN8nRF5xGap7connectEPKhN11BLEProtocol11AddressType4TypeEPKN3Gap18ConnectionParams_tEPK17GapScanningParams
                0x000000000001d418       0xf0 ym/ble-nrf51822/source/ble-nrf51822.a(nRF5xGap.cpp.o)
                0x000000000001d418                nRF5xGap::connect(unsigned char const*, BLEProtocol::AddressType::Type, Gap::ConnectionParams_t const*, GapScanningParams const*)
 .text._ZN8nRF5xGap16startAdvertisingERK20GapAdvertisingParams
                0x000000000001d508       0xa8 ym/ble-nrf51822/source/ble-nrf51822.a(nRF5xGap.cpp.o)
                0x000000000001d508                nRF5xGap::startAdvertising(GapAdvertisingParams const&)
 .text._ZNK3Gap25getMaxAdvertisingIntervalEv
                0x000000000001d5b0        0x8 ym/ble-nrf51822/source/ble-nrf51822.a(nRF5xn.cpp.o)
                0x000000000001d5b0                Gap::getMaxAdvertisingInterval() const
 .text._ZN10GattClient16discoverServicesEt26FunctionPointerWithContextIPK17DiscoveredServiceERK4UUID
                0x000000000001d5b8       0x60 ym/ble-nrf51822/source/ble-nrf51822.a(nRF5xn.cpp.o)
                0x000000000001d5b8                GattClient::discoverServices(unsigned short, FunctionPointerWithContext<DiscoveredService const*>, UUID const&)
 .text._ZNK6nRF5xn18getSecurityManagerEv
                0x000000000001d618       0x34 ym/ble-nrf51822/source/ble-nrf51822.a(nRF5xn.cpp.o)
                0x000000000001d618                nRF5xn::getSecurityManager() const
 .text._ZN6nRF5xn13getGattClientEv
                0x000000000001d64c       0x54 ym/ble-nrf51822/source/ble-nrf51822.a(nRF5xn.cpp.o)
                0x000000000001d64c                nRF5xn::getGattClient()
 .text._ZN6nRF5xn10getVersionEv
                0x000000000001d6a0       0x74 ym/ble-nrf51822/source/ble-nrf51822.a(nRF5xn.cpp.o)
                0x000000000001d6a0                nRF5xn::getVersion()
 .text._ZN38CallChainOfFunctionPointersWithContextIPK10GattClientED2Ev
                0x000000000001d714       0x14 ym/ble-nrf51822/source/ble-nrf51822.a(nRF5xn.cpp.o)
                0x000000000001d714                CallChainOfFunctionPointersWithContext<GattClient const*>::~CallChainOfFunctionPointersWithContext()
                0x000000000001d714                CallChainOfFunctionPointersWithContext<GattClient const*>::~CallChainOfFunctionPointersWithContext()
 .text._ZN38CallChainOfFunctionPointersWithContextIPK32GattSysAttrMissingCallbackParamsED2Ev
                0x000000000001d728       0x14 ym/ble-nrf51822/source/ble-nrf51822.a(nRF5xn.cpp.o)
                0x000000000001d728                CallChainOfFunctionPointersWithContext<GattSysAttrMissingCallbackParams const*>::~CallChainOfFunctionPointersWithContext()
                0x000000000001d728                CallChainOfFunctionPointersWithContext<GattSysAttrMissingCallbackParams const*>::~CallChainOfFunctionPointersWithContext()
 .text._ZN38CallChainOfFunctionPointersWithContextIPK22GattReadCallbackParamsED2Ev
                0x000000000001d73c       0x14 ym/ble-nrf51822/source/ble-nrf51822.a(nRF5xn.cpp.o)
                0x000000000001d73c                CallChainOfFunctionPointersWithContext<GattReadCallbackParams const*>::~CallChainOfFunctionPointersWithContext()
                0x000000000001d73c                CallChainOfFunctionPointersWithContext<GattReadCallbackParams const*>::~CallChainOfFunctionPointersWithContext()
 .text._ZN38CallChainOfFunctionPointersWithContextIPK23GattWriteCallbackParamsED2Ev
                0x000000000001d750       0x14 ym/ble-nrf51822/source/ble-nrf51822.a(nRF5xn.cpp.o)
                0x000000000001d750                CallChainOfFunctionPointersWithContext<GattWriteCallbackParams const*>::~CallChainOfFunctionPointersWithContext()
                0x000000000001d750                CallChainOfFunctionPointersWithContext<GattWriteCallbackParams const*>::~CallChainOfFunctionPointersWithContext()
 .text._ZN38CallChainOfFunctionPointersWithContextIjED2Ev
                0x000000000001d764       0x14 ym/ble-nrf51822/source/ble-nrf51822.a(nRF5xn.cpp.o)
                0x000000000001d764                CallChainOfFunctionPointersWithContext<unsigned int>::~CallChainOfFunctionPointersWithContext()
                0x000000000001d764                CallChainOfFunctionPointersWithContext<unsigned int>::~CallChainOfFunctionPointersWithContext()
 .text._ZN38CallChainOfFunctionPointersWithContextIPK10GattServerED2Ev
                0x000000000001d778       0x14 ym/ble-nrf51822/source/ble-nrf51822.a(nRF5xn.cpp.o)
                0x000000000001d778                CallChainOfFunctionPointersWithContext<GattServer const*>::~CallChainOfFunctionPointersWithContext()
                0x000000000001d778                CallChainOfFunctionPointersWithContext<GattServer const*>::~CallChainOfFunctionPointersWithContext()
 .text._ZN38CallChainOfFunctionPointersWithContextIPK15SecurityManagerED2Ev
                0x000000000001d78c       0x14 ym/ble-nrf51822/source/ble-nrf51822.a(nRF5xn.cpp.o)
                0x000000000001d78c                CallChainOfFunctionPointersWithContext<SecurityManager const*>::~CallChainOfFunctionPointersWithContext()
                0x000000000001d78c                CallChainOfFunctionPointersWithContext<SecurityManager const*>::~CallChainOfFunctionPointersWithContext()
 .text._ZN38CallChainOfFunctionPointersWithContextIPKN3Gap29DisconnectionCallbackParams_tEED2Ev
                0x000000000001d7a0       0x14 ym/ble-nrf51822/source/ble-nrf51822.a(nRF5xn.cpp.o)
                0x000000000001d7a0                CallChainOfFunctionPointersWithContext<Gap::DisconnectionCallbackParams_t const*>::~CallChainOfFunctionPointersWithContext()
                0x000000000001d7a0                CallChainOfFunctionPointersWithContext<Gap::DisconnectionCallbackParams_t const*>::~CallChainOfFunctionPointersWithContext()
 .text._ZN38CallChainOfFunctionPointersWithContextIPKN3Gap26ConnectionCallbackParams_tEED2Ev
                0x000000000001d7b4       0x14 ym/ble-nrf51822/source/ble-nrf51822.a(nRF5xn.cpp.o)
                0x000000000001d7b4                CallChainOfFunctionPointersWithContext<Gap::ConnectionCallbackParams_t const*>::~CallChainOfFunctionPointersWithContext()
                0x000000000001d7b4                CallChainOfFunctionPointersWithContext<Gap::ConnectionCallbackParams_t const*>::~CallChainOfFunctionPointersWithContext()
 .text._ZN38CallChainOfFunctionPointersWithContextIN3Gap15TimeoutSource_tEED2Ev
                0x000000000001d7c8       0x14 ym/ble-nrf51822/source/ble-nrf51822.a(nRF5xn.cpp.o)
                0x000000000001d7c8                CallChainOfFunctionPointersWithContext<Gap::TimeoutSource_t>::~CallChainOfFunctionPointersWithContext()
                0x000000000001d7c8                CallChainOfFunctionPointersWithContext<Gap::TimeoutSource_t>::~CallChainOfFunctionPointersWithContext()
 .text._ZN38CallChainOfFunctionPointersWithContextIPK3GapED2Ev
                0x000000000001d7dc       0x14 ym/ble-nrf51822/source/ble-nrf51822.a(nRF5xn.cpp.o)
                0x000000000001d7dc                CallChainOfFunctionPointersWithContext<Gap const*>::~CallChainOfFunctionPointersWithContext()
                0x000000000001d7dc                CallChainOfFunctionPointersWithContext<Gap const*>::~CallChainOfFunctionPointersWithContext()
 .text._ZN38CallChainOfFunctionPointersWithContextIPK21GattHVXCallbackParamsED2Ev
                0x000000000001d7f0       0x14 ym/ble-nrf51822/source/ble-nrf51822.a(nRF5xn.cpp.o)
                0x000000000001d7f0                CallChainOfFunctionPointersWithContext<GattHVXCallbackParams const*>::~CallChainOfFunctionPointersWithContext()
                0x000000000001d7f0                CallChainOfFunctionPointersWithContext<GattHVXCallbackParams const*>::~CallChainOfFunctionPointersWithContext()
 .text._ZN6nRF5xn18getSecurityManagerEv
                0x000000000001d804       0x34 ym/ble-nrf51822/source/ble-nrf51822.a(nRF5xn.cpp.o)
                0x000000000001d804                nRF5xn::getSecurityManager()
 .text._ZN6nRF5xnD2Ev
                0x000000000001d838       0x54 ym/ble-nrf51822/source/ble-nrf51822.a(nRF5xn.cpp.o)
                0x000000000001d838                nRF5xn::~nRF5xn()
                0x000000000001d838                nRF5xn::~nRF5xn()
 .text._ZN6nRF5xnC2Ev
                0x000000000001d88c      0x140 ym/ble-nrf51822/source/ble-nrf51822.a(nRF5xn.cpp.o)
                0x000000000001d88c                nRF5xn::nRF5xn()
                0x000000000001d88c                nRF5xn::nRF5xn()
 .text._ZN6nRF5xn8InstanceEj
                0x000000000001d9cc       0x24 ym/ble-nrf51822/source/ble-nrf51822.a(nRF5xn.cpp.o)
                0x000000000001d9cc                nRF5xn::Instance(unsigned int)
 .text._ZN26FunctionPointerWithContextItEC2EPFvtE
                0x000000000001d9f0       0x20 ym/ble-nrf51822/source/ble-nrf51822.a(nRF5xn.cpp.o)
                0x000000000001d9f0                FunctionPointerWithContext<unsigned short>::FunctionPointerWithContext(void (*)(unsigned short))
                0x000000000001d9f0                FunctionPointerWithContext<unsigned short>::FunctionPointerWithContext(void (*)(unsigned short))
 .text._ZN15nRF5xGattServerC2Ev
                0x000000000001da10       0xc4 ym/ble-nrf51822/source/ble-nrf51822.a(nRF5xn.cpp.o)
                0x000000000001da10                nRF5xGattServer::nRF5xGattServer()
                0x000000000001da10                nRF5xGattServer::nRF5xGattServer()
 .text._ZL10dm_handlerPK13device_handlePK10dm_event_tm
                0x000000000001dad4       0xa8 ym/ble-nrf51822/source/ble-nrf51822.a(btle_security.cpp.o)
 .text._Z27btle_hasInitializedSecurityv
                0x000000000001db7c        0xc ym/ble-nrf51822/source/ble-nrf51822.a(btle_security.cpp.o)
                0x000000000001db7c                btle_hasInitializedSecurity()
 .text._Z23btle_initializeSecuritybbN15SecurityManager24SecurityIOCapabilities_tEPKh
                0x000000000001db88       0xd4 ym/ble-nrf51822/source/ble-nrf51822.a(btle_security.cpp.o)
                0x000000000001db88                btle_initializeSecurity(bool, bool, SecurityManager::SecurityIOCapabilities_t, unsigned char const*)
 .text._Z25btle_purgeAllBondingStatev
                0x000000000001dc5c       0x24 ym/ble-nrf51822/source/ble-nrf51822.a(btle_security.cpp.o)
                0x000000000001dc5c                btle_purgeAllBondingState()
 .text._Z20btle_getLinkSecuritytPN15SecurityManager20LinkSecurityStatus_tE
                0x000000000001dc80       0x48 ym/ble-nrf51822/source/ble-nrf51822.a(btle_security.cpp.o)
                0x000000000001dc80                btle_getLinkSecurity(unsigned short, SecurityManager::LinkSecurityStatus_t*)
 .text._Z20btle_setLinkSecuritytN15SecurityManager14SecurityMode_tE
                0x000000000001dcc8       0x48 ym/ble-nrf51822/source/ble-nrf51822.a(btle_security.cpp.o)
                0x000000000001dcc8                btle_setLinkSecurity(unsigned short, SecurityManager::SecurityMode_t)
 .text._Z33btle_createWhitelistFromBondTableP19ble_gap_whitelist_t
                0x000000000001dd10       0x30 ym/ble-nrf51822/source/ble-nrf51822.a(btle_security.cpp.o)
                0x000000000001dd10                btle_createWhitelistFromBondTable(ble_gap_whitelist_t*)
 .text.custom_convert_to_nordic_uuid
                0x000000000001dd40       0xac ym/ble-nrf51822/source/ble-nrf51822.a(custom_helper.cpp.o)
                0x000000000001dd40                custom_convert_to_nordic_uuid
 .text._Z13btle_gap_initv
                0x000000000001ddec       0x58 ym/ble-nrf51822/source/ble-nrf51822.a(btle_gap.cpp.o)
                0x000000000001ddec                btle_gap_init()
 .text._ZN17GapScanningParamsC2Etttb
                0x000000000001de44       0x6c ym/ble/source/ble.a(GapScanningParams.cpp.o)
                0x000000000001de44                GapScanningParams::GapScanningParams(unsigned short, unsigned short, unsigned short, bool)
                0x000000000001de44                GapScanningParams::GapScanningParams(unsigned short, unsigned short, unsigned short, bool)
 .text.pstorage_flash_page_end
                0x000000000001deb0       0x20 ym/nrf51-sdk/source/nrf51-sdk.a(pstorage.c.o)
 .text.swap_sub_state_entry_action_run
                0x000000000001ded0       0x18 ym/nrf51-sdk/source/nrf51-sdk.a(pstorage.c.o)
 .text.app_notify
                0x000000000001dee8       0x2c ym/nrf51-sdk/source/nrf51-sdk.a(pstorage.c.o)
 .text.is_page_erase_required
                0x000000000001df14       0x50 ym/nrf51-sdk/source/nrf51-sdk.a(pstorage.c.o)
 .text.swap_sub_state_err_busy_process
                0x000000000001df64       0x18 ym/nrf51-sdk/source/nrf51-sdk.a(pstorage.c.o)
 .text.data_to_swap_write_state_run
                0x000000000001df7c       0x30 ym/nrf51-sdk/source/nrf51-sdk.a(pstorage.c.o)
 .text.swap_erase_state_run
                0x000000000001dfac       0x24 ym/nrf51-sdk/source/nrf51-sdk.a(pstorage.c.o)
 .text.flash_api_err_code_process
                0x000000000001dfd0       0x40 ym/nrf51-sdk/source/nrf51-sdk.a(pstorage.c.o)
 .text.store_cmd_flash_write_execute
                0x000000000001e010       0x58 ym/nrf51-sdk/source/nrf51-sdk.a(pstorage.c.o)
 .text.state_restore_head_entry_run
                0x000000000001e068       0x34 ym/nrf51-sdk/source/nrf51-sdk.a(pstorage.c.o)
 .text.state_restore_tail_entry_run
                0x000000000001e09c       0x48 ym/nrf51-sdk/source/nrf51-sdk.a(pstorage.c.o)
 .text.state_write_data_swap_entry_run
                0x000000000001e0e4       0x2c ym/nrf51-sdk/source/nrf51-sdk.a(pstorage.c.o)
 .text.state_erase_data_page_entry_run
                0x000000000001e110       0x14 ym/nrf51-sdk/source/nrf51-sdk.a(pstorage.c.o)
 .text.state_entry_action_run
                0x000000000001e124       0xd0 ym/nrf51-sdk/source/nrf51-sdk.a(pstorage.c.o)
 .text.clear_operation_execute
                0x000000000001e1f4      0x14c ym/nrf51-sdk/source/nrf51-sdk.a(pstorage.c.o)
 .text.cmd_process
                0x000000000001e340       0x3c ym/nrf51-sdk/source/nrf51-sdk.a(pstorage.c.o)
 .text.unlikely.cmd_queue_enqueue
                0x000000000001e37c       0x54 ym/nrf51-sdk/source/nrf51-sdk.a(pstorage.c.o)
 .text.command_end_procedure_run
                0x000000000001e3d0       0x54 ym/nrf51-sdk/source/nrf51-sdk.a(pstorage.c.o)
 .text.clear_post_processing_run
                0x000000000001e424       0x2c ym/nrf51-sdk/source/nrf51-sdk.a(pstorage.c.o)
 .text.head_restore_state_run
                0x000000000001e450       0x94 ym/nrf51-sdk/source/nrf51-sdk.a(pstorage.c.o)
 .text.tail_restore_state_run
                0x000000000001e4e4       0x1c ym/nrf51-sdk/source/nrf51-sdk.a(pstorage.c.o)
 .text.data_page_erase_state_run
                0x000000000001e500       0x6c ym/nrf51-sdk/source/nrf51-sdk.a(pstorage.c.o)
 .text.flash_operation_success_run
                0x000000000001e56c       0x98 ym/nrf51-sdk/source/nrf51-sdk.a(pstorage.c.o)
 .text.pstorage_sys_event_handler
                0x000000000001e604       0x64 ym/nrf51-sdk/source/nrf51-sdk.a(pstorage.c.o)
                0x000000000001e604                pstorage_sys_event_handler
 .text.pstorage_init
                0x000000000001e668       0x84 ym/nrf51-sdk/source/nrf51-sdk.a(pstorage.c.o)
                0x000000000001e668                pstorage_init
 .text.pstorage_register
                0x000000000001e6ec       0xc8 ym/nrf51-sdk/source/nrf51-sdk.a(pstorage.c.o)
                0x000000000001e6ec                pstorage_register
 .text.pstorage_block_identifier_get
                0x000000000001e7b4       0x4c ym/nrf51-sdk/source/nrf51-sdk.a(pstorage.c.o)
                0x000000000001e7b4                pstorage_block_identifier_get
 .text.pstorage_store
                0x000000000001e800       0x78 ym/nrf51-sdk/source/nrf51-sdk.a(pstorage.c.o)
                0x000000000001e800                pstorage_store
 .text.pstorage_update
                0x000000000001e878       0x78 ym/nrf51-sdk/source/nrf51-sdk.a(pstorage.c.o)
                0x000000000001e878                pstorage_update
 .text.pstorage_load
                0x000000000001e8f0       0x98 ym/nrf51-sdk/source/nrf51-sdk.a(pstorage.c.o)
                0x000000000001e8f0                pstorage_load
 .text.pstorage_clear
                0x000000000001e988       0x88 ym/nrf51-sdk/source/nrf51-sdk.a(pstorage.c.o)
                0x000000000001e988                pstorage_clear
 .text.gatts_context_store
                0x000000000001ea10       0xb8 ym/nrf51-sdk/source/nrf51-sdk.a(device_manager_peripheral.c.o)
 .text.device_context_store
                0x000000000001eac8       0xb8 ym/nrf51-sdk/source/nrf51-sdk.a(device_manager_peripheral.c.o)
 .text.gatts_context_apply
                0x000000000001eb80       0xb8 ym/nrf51-sdk/source/nrf51-sdk.a(device_manager_peripheral.c.o)
 .text.gatts_context_load
                0x000000000001ec38       0x34 ym/nrf51-sdk/source/nrf51-sdk.a(device_manager_peripheral.c.o)
 .text.peer_instance_init
                0x000000000001ec6c       0x44 ym/nrf51-sdk/source/nrf51-sdk.a(device_manager_peripheral.c.o)
 .text.device_instance_free
                0x000000000001ecb0       0x2c ym/nrf51-sdk/source/nrf51-sdk.a(device_manager_peripheral.c.o)
 .text.dm_pstorage_cb_handler
                0x000000000001ecdc      0x130 ym/nrf51-sdk/source/nrf51-sdk.a(device_manager_peripheral.c.o)
 .text.dm_init  0x000000000001ee0c       0xd8 ym/nrf51-sdk/source/nrf51-sdk.a(device_manager_peripheral.c.o)
                0x000000000001ee0c                dm_init
 .text.dm_register
                0x000000000001eee4       0x74 ym/nrf51-sdk/source/nrf51-sdk.a(device_manager_peripheral.c.o)
                0x000000000001eee4                dm_register
 .text.dm_security_status_req
                0x000000000001ef58       0x70 ym/nrf51-sdk/source/nrf51-sdk.a(device_manager_peripheral.c.o)
                0x000000000001ef58                dm_security_status_req
 .text.dm_whitelist_create
                0x000000000001efc8       0xb0 ym/nrf51-sdk/source/nrf51-sdk.a(device_manager_peripheral.c.o)
                0x000000000001efc8                dm_whitelist_create
 .text.dm_device_delete_all
                0x000000000001f078       0x58 ym/nrf51-sdk/source/nrf51-sdk.a(device_manager_peripheral.c.o)
                0x000000000001f078                dm_device_delete_all
 .text.dm_application_context_set
                0x000000000001f0d0        0x8 ym/nrf51-sdk/source/nrf51-sdk.a(device_manager_peripheral.c.o)
                0x000000000001f0d0                dm_application_context_set
 .text.dm_peer_addr_get
                0x000000000001f0d8       0x84 ym/nrf51-sdk/source/nrf51-sdk.a(device_manager_peripheral.c.o)
                0x000000000001f0d8                dm_peer_addr_get
 .text.dm_distributed_keys_get
                0x000000000001f15c       0xb4 ym/nrf51-sdk/source/nrf51-sdk.a(device_manager_peripheral.c.o)
                0x000000000001f15c                dm_distributed_keys_get
 .text.bond_data_load
                0x000000000001f210       0x48 ym/nrf51-sdk/source/nrf51-sdk.a(device_manager_peripheral.c.o)
                0x000000000001f210                bond_data_load
 .text.address_to_device_id
                0x000000000001f258       0x2c ym/nrf51-sdk/source/nrf51-sdk.a(device_manager_peripheral.c.o)
                0x000000000001f258                address_to_device_id
 .text.dm_ble_evt_handler
                0x000000000001f284      0x380 ym/nrf51-sdk/source/nrf51-sdk.a(device_manager_peripheral.c.o)
                0x000000000001f284                dm_ble_evt_handler
 .text.dm_handle_get
                0x000000000001f604       0x48 ym/nrf51-sdk/source/nrf51-sdk.a(device_manager_peripheral.c.o)
                0x000000000001f604                dm_handle_get
 .text.SWI1_IRQHandler
                0x000000000001f64c       0x20 ym/nrf51-sdk/source/nrf51-sdk.a(ble_radio_notification.c.o)
                0x000000000001f64c                SWI1_IRQHandler
 .text.ble_radio_notification_init
                0x000000000001f66c       0x38 ym/nrf51-sdk/source/nrf51-sdk.a(ble_radio_notification.c.o)
                0x000000000001f66c                ble_radio_notification_init
 .text.dfu_app_on_dfu_evt
                0x000000000001f6a4      0x16c ym/nrf51-sdk/source/nrf51-sdk.a(dfu_app_handler.c.o)
                0x000000000001f6a4                dfu_app_on_dfu_evt
 .text.ble_dfu_response_send
                0x000000000001f810       0x64 ym/nrf51-sdk/source/nrf51-sdk.a(ble_dfu.c.o)
                0x000000000001f810                ble_dfu_response_send
 .text.intern_softdevice_events_execute
                0x000000000001f874       0xb4 ym/nrf51-sdk/source/nrf51-sdk.a(softdevice_handler.c.o)
                0x000000000001f874                intern_softdevice_events_execute
 .text.softdevice_handler_init
                0x000000000001f928       0x48 ym/nrf51-sdk/source/nrf51-sdk.a(softdevice_handler.c.o)
                0x000000000001f928                softdevice_handler_init
 .text.softdevice_handler_sd_disable
                0x000000000001f970       0x18 ym/nrf51-sdk/source/nrf51-sdk.a(softdevice_handler.c.o)
                0x000000000001f970                softdevice_handler_sd_disable
 .text.softdevice_ble_evt_handler_set
                0x000000000001f988       0x14 ym/nrf51-sdk/source/nrf51-sdk.a(softdevice_handler.c.o)
                0x000000000001f988                softdevice_ble_evt_handler_set
 .text.softdevice_sys_evt_handler_set
                0x000000000001f99c       0x14 ym/nrf51-sdk/source/nrf51-sdk.a(softdevice_handler.c.o)
                0x000000000001f99c                softdevice_sys_evt_handler_set
 .text.SWI2_IRQHandler
                0x000000000001f9b0       0x24 ym/nrf51-sdk/source/nrf51-sdk.a(softdevice_handler.c.o)
                0x000000000001f9b0                SWI2_IRQHandler
 .text.bootloader_util_app_start
                0x000000000001f9d4       0x3c ym/nrf51-sdk/source/nrf51-sdk.a(bootloader_util.c.o)
                0x000000000001f9d4                bootloader_util_app_start
 .text._ZN4mbed3I2CC2E7PinNameS1_
                0x000000000001fa10       0x30 ym/mbed-classic/existing/mbed-classic.a(I2C.cpp.o)
                0x000000000001fa10                mbed::I2C::I2C(PinName, PinName)
                0x000000000001fa10                mbed::I2C::I2C(PinName, PinName)
 .text._ZN4mbed3I2C6aquireEv
                0x000000000001fa40       0x1c ym/mbed-classic/existing/mbed-classic.a(I2C.cpp.o)
                0x000000000001fa40                mbed::I2C::aquire()
 .text._ZN4mbed11InterruptInD2Ev
                0x000000000001fa5c       0x18 ym/mbed-classic/existing/mbed-classic.a(InterruptIn.cpp.o)
                0x000000000001fa5c                mbed::InterruptIn::~InterruptIn()
                0x000000000001fa5c                mbed::InterruptIn::~InterruptIn()
 .text._ZN4mbed11InterruptInC2E7PinName
                0x000000000001fa74       0x48 ym/mbed-classic/existing/mbed-classic.a(InterruptIn.cpp.o)
                0x000000000001fa74                mbed::InterruptIn::InterruptIn(PinName)
                0x000000000001fa74                mbed::InterruptIn::InterruptIn(PinName)
 .text._ZN4mbed9RawSerialC2E7PinNameS1_
                0x000000000001fabc       0x14 ym/mbed-classic/existing/mbed-classic.a(RawSerial.cpp.o)
                0x000000000001fabc                mbed::RawSerial::RawSerial(PinName, PinName)
                0x000000000001fabc                mbed::RawSerial::RawSerial(PinName, PinName)
 .text._sbrk    0x000000000001fad0       0x28 ym/mbed-classic/existing/mbed-classic.a(retarget.cpp.o)
                0x000000000001fad0                _sbrk
 .text._ZN4mbed10SerialBaseC2E7PinNameS1_
                0x000000000001faf8       0x3c ym/mbed-classic/existing/mbed-classic.a(SerialBase.cpp.o)
                0x000000000001faf8                mbed::SerialBase::SerialBase(PinName, PinName)
                0x000000000001faf8                mbed::SerialBase::SerialBase(PinName, PinName)
 .text._ZN4mbed7TimeoutD2Ev
                0x000000000001fb34       0x1c ym/mbed-classic/existing/mbed-classic.a(Timeout.cpp.o)
                0x000000000001fb34                mbed::Timeout::~Timeout()
                0x000000000001fb34                mbed::Timeout::~Timeout()
 .text._ZN4mbed10TimerEventC2Ev
                0x000000000001fb50       0x2c ym/mbed-classic/existing/mbed-classic.a(TimerEvent.cpp.o)
                0x000000000001fb50                mbed::TimerEvent::TimerEvent()
                0x000000000001fb50                mbed::TimerEvent::TimerEvent()
 .text._ZN4mbed10TimerEventD2Ev
                0x000000000001fb7c       0x18 ym/mbed-classic/existing/mbed-classic.a(TimerEvent.cpp.o)
                0x000000000001fb7c                mbed::TimerEvent::~TimerEvent()
                0x000000000001fb7c                mbed::TimerEvent::~TimerEvent()
 .text.get_us_ticker_data
                0x000000000001fb94        0x8 ym/mbed-classic/existing/mbed-classic.a(us_ticker_api.c.o)
                0x000000000001fb94                get_us_ticker_data
 .text.us_ticker_irq_handler
                0x000000000001fb9c       0x10 ym/mbed-classic/existing/mbed-classic.a(us_ticker_api.c.o)
                0x000000000001fb9c                us_ticker_irq_handler
 .text.wait     0x000000000001fbac       0x18 ym/mbed-classic/existing/mbed-classic.a(wait_api.c.o)
                0x000000000001fbac                wait
 .text          0x000000000001fbc4       0x48 ym/mbed-classic/existing/mbed-classic.a(startup_NRF51822.S.obj)
                0x000000000001fbc4                Reset_Handler
                0x000000000001fc00                NMI_Handler
                0x000000000001fc02                HardFault_Handler
                0x000000000001fc04                SVC_Handler
                0x000000000001fc06                PendSV_Handler
                0x000000000001fc08                SysTick_Handler
                0x000000000001fc0a                QDEC_IRQHandler
                0x000000000001fc0a                SWI5_IRQHandler
                0x000000000001fc0a                TIMER0_IRQHandler
                0x000000000001fc0a                SWI0_IRQHandler
                0x000000000001fc0a                ECB_IRQHandler
                0x000000000001fc0a                Default_Handler
                0x000000000001fc0a                ADC_IRQHandler
                0x000000000001fc0a                SWI3_IRQHandler
                0x000000000001fc0a                CCM_AAR_IRQHandler
                0x000000000001fc0a                WDT_IRQHandler
                0x000000000001fc0a                RNG_IRQHandler
                0x000000000001fc0a                SPI1_TWI1_IRQHandler
                0x000000000001fc0a                SPI0_TWI0_IRQHandler
                0x000000000001fc0a                RTC1_IRQHandler
                0x000000000001fc0a                RTC0_IRQHandler
                0x000000000001fc0a                POWER_CLOCK_IRQHandler
                0x000000000001fc0a                LPCOMP_IRQHandler
                0x000000000001fc0a                SWI4_IRQHandler
                0x000000000001fc0a                TEMP_IRQHandler
 .text.gpio_init
                0x000000000001fc0c       0x30 ym/mbed-classic/existing/mbed-classic.a(gpio_api.c.o)
                0x000000000001fc0c                gpio_init
 .text.GPIOTE_IRQHandler
                0x000000000001fc3c       0xf4 ym/mbed-classic/existing/mbed-classic.a(gpio_irq_api.c.o)
                0x000000000001fc3c                GPIOTE_IRQHandler
 .text.gpio_irq_init
                0x000000000001fd30       0x60 ym/mbed-classic/existing/mbed-classic.a(gpio_irq_api.c.o)
                0x000000000001fd30                gpio_irq_init
 .text.gpio_irq_free
                0x000000000001fd90       0x10 ym/mbed-classic/existing/mbed-classic.a(gpio_irq_api.c.o)
                0x000000000001fd90                gpio_irq_free
 .text.gpio_irq_set
                0x000000000001fda0       0xa0 ym/mbed-classic/existing/mbed-classic.a(gpio_irq_api.c.o)
                0x000000000001fda0                gpio_irq_set
 .text.i2c_do_write
                0x000000000001fe40       0x28 ym/mbed-classic/existing/mbed-classic.a(i2c_api.c.o)
                0x000000000001fe40                i2c_do_write
 .text.i2c_do_read
                0x000000000001fe68       0x3c ym/mbed-classic/existing/mbed-classic.a(i2c_api.c.o)
                0x000000000001fe68                i2c_do_read
 .text.i2c_frequency
                0x000000000001fea4       0x48 ym/mbed-classic/existing/mbed-classic.a(i2c_api.c.o)
                0x000000000001fea4                i2c_frequency
 .text.twi_master_init
                0x000000000001feec       0x44 ym/mbed-classic/existing/mbed-classic.a(i2c_api.c.o)
                0x000000000001feec                twi_master_init
 .text.i2c_init
                0x000000000001ff30       0xc4 ym/mbed-classic/existing/mbed-classic.a(i2c_api.c.o)
                0x000000000001ff30                i2c_init
 .text.i2c_reset
                0x000000000001fff4       0x30 ym/mbed-classic/existing/mbed-classic.a(i2c_api.c.o)
                0x000000000001fff4                i2c_reset
 .text.i2c_stop
                0x0000000000020024       0x34 ym/mbed-classic/existing/mbed-classic.a(i2c_api.c.o)
                0x0000000000020024                i2c_stop
 .text.checkError
                0x0000000000020058       0x28 ym/mbed-classic/existing/mbed-classic.a(i2c_api.c.o)
                0x0000000000020058                checkError
 .text.port_init
                0x0000000000020080       0x28 ym/mbed-classic/existing/mbed-classic.a(port_api.c.o)
                0x0000000000020080                port_init
 .text.TIMER2_IRQHandler
                0x00000000000200a8       0x68 ym/mbed-classic/existing/mbed-classic.a(pwmout_api.c.o)
                0x00000000000200a8                TIMER2_IRQHandler
 .text.serial_baud.part.0
                0x0000000000020110       0x38 ym/mbed-classic/existing/mbed-classic.a(serial_api.c.o)
 .text.serial_init
                0x0000000000020148       0xb8 ym/mbed-classic/existing/mbed-classic.a(serial_api.c.o)
                0x0000000000020148                serial_init
 .text.serial_baud
                0x0000000000020200       0x20 ym/mbed-classic/existing/mbed-classic.a(serial_api.c.o)
                0x0000000000020200                serial_baud
 .text.UART0_IRQHandler
                0x0000000000020220       0x4c ym/mbed-classic/existing/mbed-classic.a(serial_api.c.o)
                0x0000000000020220                UART0_IRQHandler
 .text.serial_irq_handler
                0x000000000002026c       0x18 ym/mbed-classic/existing/mbed-classic.a(serial_api.c.o)
                0x000000000002026c                serial_irq_handler
 .text.serial_putc
                0x0000000000020284       0x1c ym/mbed-classic/existing/mbed-classic.a(serial_api.c.o)
                0x0000000000020284                serial_putc
 .text.twi_master_clear_bus
                0x00000000000202a0       0xb4 ym/mbed-classic/existing/mbed-classic.a(twi_master.c.o)
 .text.twi_master_init_and_clear
                0x0000000000020354       0x74 ym/mbed-classic/existing/mbed-classic.a(twi_master.c.o)
                0x0000000000020354                twi_master_init_and_clear
 .text.tmr1_getCounter64
                0x00000000000203c8       0x50 ym/mbed-classic/existing/mbed-classic.a(us_ticker.c.o)
 .text.TIMER1_IRQHandler
                0x0000000000020418       0x50 ym/mbed-classic/existing/mbed-classic.a(us_ticker.c.o)
                0x0000000000020418                TIMER1_IRQHandler
 .text.us_ticker_init
                0x0000000000020468       0x8c ym/mbed-classic/existing/mbed-classic.a(us_ticker.c.o)
                0x0000000000020468                us_ticker_init
 .text.us_ticker_read
                0x00000000000204f4       0x18 ym/mbed-classic/existing/mbed-classic.a(us_ticker.c.o)
                0x00000000000204f4                us_ticker_read
 .text.us_ticker_set_interrupt
                0x000000000002050c       0x54 ym/mbed-classic/existing/mbed-classic.a(us_ticker.c.o)
                0x000000000002050c                us_ticker_set_interrupt
 .text.SystemInit
                0x0000000000020560       0xb0 ym/mbed-classic/existing/mbed-classic.a(system_nrf51.c.o)
                0x0000000000020560                SystemInit
 .text._ZSt15get_new_handlerv
                0x0000000000020610        0xc /usr/local/Cellar/arm-none-eabi-gcc/5.0-2015-q4-major/bin/../lib/gcc/arm-none-eabi/5.2.1/../../../../arm-none-eabi/lib/armv6-m/libstdc++_nano.a(new_handler.o)
                0x0000000000020610                std::get_new_handler()
 .text          0x000000000002061c       0x14 /usr/local/Cellar/arm-none-eabi-gcc/5.0-2015-q4-major/bin/../lib/gcc/arm-none-eabi/5.2.1/armv6-m/libgcc.a(_thumb1_case_uqi.o)
                0x000000000002061c                __gnu_thumb1_case_uqi
 .text          0x0000000000020630      0x114 /usr/local/Cellar/arm-none-eabi-gcc/5.0-2015-q4-major/bin/../lib/gcc/arm-none-eabi/5.2.1/armv6-m/libgcc.a(_udivsi3.o)
                0x0000000000020630                __udivsi3
                0x0000000000020630                __aeabi_uidiv
                0x000000000002073c                __aeabi_uidivmod
 .text          0x0000000000020744      0x1d4 /usr/local/Cellar/arm-none-eabi-gcc/5.0-2015-q4-major/bin/../lib/gcc/arm-none-eabi/5.2.1/armv6-m/libgcc.a(_divsi3.o)
                0x0000000000020744                __aeabi_idiv
                0x0000000000020744                __divsi3
                0x0000000000020910                __aeabi_idivmod
 .text          0x0000000000020918        0x4 /usr/local/Cellar/arm-none-eabi-gcc/5.0-2015-q4-major/bin/../lib/gcc/arm-none-eabi/5.2.1/armv6-m/libgcc.a(_dvmd_tls.o)
                0x0000000000020918                __aeabi_ldiv0
                0x0000000000020918                __aeabi_idiv0
 .text          0x000000000002091c       0x74 /usr/local/Cellar/arm-none-eabi-gcc/5.0-2015-q4-major/bin/../lib/gcc/arm-none-eabi/5.2.1/armv6-m/libgcc.a(_arm_cmpsf2.o)
                0x000000000002091c                __aeabi_cfrcmple
                0x0000000000020924                __aeabi_cfcmple
                0x0000000000020924                __aeabi_cfcmpeq
                0x0000000000020934                __aeabi_fcmpeq
                0x0000000000020940                __aeabi_fcmplt
                0x0000000000020954                __aeabi_fcmple
                0x0000000000020968                __aeabi_fcmpgt
                0x000000000002097c                __aeabi_fcmpge
 .text          0x0000000000020990       0x40 /usr/local/Cellar/arm-none-eabi-gcc/5.0-2015-q4-major/bin/../lib/gcc/arm-none-eabi/5.2.1/armv6-m/libgcc.a(_aeabi_uldivmod.o)
                0x0000000000020990                __aeabi_uldivmod
 .text          0x00000000000209d0       0x30 /usr/local/Cellar/arm-none-eabi-gcc/5.0-2015-q4-major/bin/../lib/gcc/arm-none-eabi/5.2.1/armv6-m/libgcc.a(_fixunssfsi.o)
                0x00000000000209d0                __aeabi_f2uiz
                0x00000000000209d0                __fixunssfsi
 .text          0x0000000000020a00      0x180 /usr/local/Cellar/arm-none-eabi-gcc/5.0-2015-q4-major/bin/../lib/gcc/arm-none-eabi/5.2.1/armv6-m/libgcc.a(_udivmoddi4.o)
                0x0000000000020a00                __udivmoddi4
 .text          0x0000000000020b80      0x2ec /usr/local/Cellar/arm-none-eabi-gcc/5.0-2015-q4-major/bin/../lib/gcc/arm-none-eabi/5.2.1/armv6-m/libgcc.a(addsf3.o)
                0x0000000000020b80                __aeabi_fadd
 .text          0x0000000000020e6c      0x234 /usr/local/Cellar/arm-none-eabi-gcc/5.0-2015-q4-major/bin/../lib/gcc/arm-none-eabi/5.2.1/armv6-m/libgcc.a(divsf3.o)
                0x0000000000020e6c                __aeabi_fdiv
 .text          0x00000000000210a0       0x50 /usr/local/Cellar/arm-none-eabi-gcc/5.0-2015-q4-major/bin/../lib/gcc/arm-none-eabi/5.2.1/armv6-m/libgcc.a(eqsf2.o)
                0x00000000000210a0                __nesf2
                0x00000000000210a0                __eqsf2
 .text          0x00000000000210f0       0x88 /usr/local/Cellar/arm-none-eabi-gcc/5.0-2015-q4-major/bin/../lib/gcc/arm-none-eabi/5.2.1/armv6-m/libgcc.a(gesf2.o)
                0x00000000000210f0                __gtsf2
                0x00000000000210f0                __gesf2
 .text          0x0000000000021178       0x88 /usr/local/Cellar/arm-none-eabi-gcc/5.0-2015-q4-major/bin/../lib/gcc/arm-none-eabi/5.2.1/armv6-m/libgcc.a(lesf2.o)
                0x0000000000021178                __lesf2
                0x0000000000021178                __ltsf2
 .text          0x0000000000021200      0x228 /usr/local/Cellar/arm-none-eabi-gcc/5.0-2015-q4-major/bin/../lib/gcc/arm-none-eabi/5.2.1/armv6-m/libgcc.a(mulsf3.o)
                0x0000000000021200                __aeabi_fmul
 .text          0x0000000000021428      0x30c /usr/local/Cellar/arm-none-eabi-gcc/5.0-2015-q4-major/bin/../lib/gcc/arm-none-eabi/5.2.1/armv6-m/libgcc.a(subsf3.o)
                0x0000000000021428                __aeabi_fsub
 .text          0x0000000000021734       0x44 /usr/local/Cellar/arm-none-eabi-gcc/5.0-2015-q4-major/bin/../lib/gcc/arm-none-eabi/5.2.1/armv6-m/libgcc.a(fixsfsi.o)
                0x0000000000021734                __aeabi_f2iz
 .text          0x0000000000021778       0x90 /usr/local/Cellar/arm-none-eabi-gcc/5.0-2015-q4-major/bin/../lib/gcc/arm-none-eabi/5.2.1/armv6-m/libgcc.a(floatsisf.o)
                0x0000000000021778                __aeabi_i2f
 .text          0x0000000000021808       0x7c /usr/local/Cellar/arm-none-eabi-gcc/5.0-2015-q4-major/bin/../lib/gcc/arm-none-eabi/5.2.1/armv6-m/libgcc.a(floatunsisf.o)
                0x0000000000021808                __aeabi_ui2f
 .text          0x0000000000021884      0x658 /usr/local/Cellar/arm-none-eabi-gcc/5.0-2015-q4-major/bin/../lib/gcc/arm-none-eabi/5.2.1/armv6-m/libgcc.a(adddf3.o)
                0x0000000000021884                __aeabi_dadd
 .text          0x0000000000021edc      0x62c /usr/local/Cellar/arm-none-eabi-gcc/5.0-2015-q4-major/bin/../lib/gcc/arm-none-eabi/5.2.1/armv6-m/libgcc.a(divdf3.o)
                0x0000000000021edc                __aeabi_ddiv
 .text          0x0000000000022508      0x4f4 /usr/local/Cellar/arm-none-eabi-gcc/5.0-2015-q4-major/bin/../lib/gcc/arm-none-eabi/5.2.1/armv6-m/libgcc.a(muldf3.o)
                0x0000000000022508                __aeabi_dmul
 .text          0x00000000000229fc      0x6a8 /usr/local/Cellar/arm-none-eabi-gcc/5.0-2015-q4-major/bin/../lib/gcc/arm-none-eabi/5.2.1/armv6-m/libgcc.a(subdf3.o)
                0x00000000000229fc                __aeabi_dsub
 .text          0x00000000000230a4       0x6c /usr/local/Cellar/arm-none-eabi-gcc/5.0-2015-q4-major/bin/../lib/gcc/arm-none-eabi/5.2.1/armv6-m/libgcc.a(fixdfsi.o)
                0x00000000000230a4                __aeabi_d2iz
 .text          0x0000000000023110       0x84 /usr/local/Cellar/arm-none-eabi-gcc/5.0-2015-q4-major/bin/../lib/gcc/arm-none-eabi/5.2.1/armv6-m/libgcc.a(floatsidf.o)
                0x0000000000023110                __aeabi_i2d
 .text          0x0000000000023194       0xa8 /usr/local/Cellar/arm-none-eabi-gcc/5.0-2015-q4-major/bin/../lib/gcc/arm-none-eabi/5.2.1/armv6-m/libgcc.a(extendsfdf2.o)
                0x0000000000023194                __aeabi_f2d
 .text          0x000000000002323c      0x118 /usr/local/Cellar/arm-none-eabi-gcc/5.0-2015-q4-major/bin/../lib/gcc/arm-none-eabi/5.2.1/armv6-m/libgcc.a(truncdfsf2.o)
                0x000000000002323c                __aeabi_d2f
 .text          0x0000000000023354       0x3c /usr/local/Cellar/arm-none-eabi-gcc/5.0-2015-q4-major/bin/../lib/gcc/arm-none-eabi/5.2.1/armv6-m/libgcc.a(_clzsi2.o)
                0x0000000000023354                __clzsi2
 .text          0x0000000000023390       0x18 /usr/local/Cellar/arm-none-eabi-gcc/5.0-2015-q4-major/bin/../lib/gcc/arm-none-eabi/5.2.1/armv6-m/libgcc.a(_clzdi2.o)
                0x0000000000023390                __clzdi2
 .text.atan     0x00000000000233a8      0x33c /usr/local/Cellar/arm-none-eabi-gcc/5.0-2015-q4-major/bin/../lib/gcc/arm-none-eabi/5.2.1/../../../../arm-none-eabi/lib/armv6-m/libm.a(lib_a-s_atan.o)
                0x00000000000233a8                atan
 .text.cos      0x00000000000236e4       0x8c /usr/local/Cellar/arm-none-eabi-gcc/5.0-2015-q4-major/bin/../lib/gcc/arm-none-eabi/5.2.1/../../../../arm-none-eabi/lib/armv6-m/libm.a(lib_a-s_cos.o)
                0x00000000000236e4                cos
 .text.fabs     0x0000000000023770        0x8 /usr/local/Cellar/arm-none-eabi-gcc/5.0-2015-q4-major/bin/../lib/gcc/arm-none-eabi/5.2.1/../../../../arm-none-eabi/lib/armv6-m/libm.a(lib_a-s_fabs.o)
                0x0000000000023770                fabs
 .text.floor    0x0000000000023778      0x130 /usr/local/Cellar/arm-none-eabi-gcc/5.0-2015-q4-major/bin/../lib/gcc/arm-none-eabi/5.2.1/../../../../arm-none-eabi/lib/armv6-m/libm.a(lib_a-s_floor.o)
                0x0000000000023778                floor
 .text.sin      0x00000000000238a8       0x90 /usr/local/Cellar/arm-none-eabi-gcc/5.0-2015-q4-major/bin/../lib/gcc/arm-none-eabi/5.2.1/../../../../arm-none-eabi/lib/armv6-m/libm.a(lib_a-s_sin.o)
                0x00000000000238a8                sin
 .text.atan2    0x0000000000023938        0x8 /usr/local/Cellar/arm-none-eabi-gcc/5.0-2015-q4-major/bin/../lib/gcc/arm-none-eabi/5.2.1/../../../../arm-none-eabi/lib/armv6-m/libm.a(lib_a-w_atan2.o)
                0x0000000000023938                atan2
 .text.__ieee754_atan2
                0x0000000000023940      0x178 /usr/local/Cellar/arm-none-eabi-gcc/5.0-2015-q4-major/bin/../lib/gcc/arm-none-eabi/5.2.1/../../../../arm-none-eabi/lib/armv6-m/libm.a(lib_a-e_atan2.o)
                0x0000000000023940                __ieee754_atan2
 .text.__ieee754_rem_pio2
                0x0000000000023ab8      0x40c /usr/local/Cellar/arm-none-eabi-gcc/5.0-2015-q4-major/bin/../lib/gcc/arm-none-eabi/5.2.1/../../../../arm-none-eabi/lib/armv6-m/libm.a(lib_a-e_rem_pio2.o)
                0x0000000000023ab8                __ieee754_rem_pio2
 .text.__kernel_cos
                0x0000000000023ec4      0x234 /usr/local/Cellar/arm-none-eabi-gcc/5.0-2015-q4-major/bin/../lib/gcc/arm-none-eabi/5.2.1/../../../../arm-none-eabi/lib/armv6-m/libm.a(lib_a-k_cos.o)
                0x0000000000023ec4                __kernel_cos
 .text.__kernel_rem_pio2
                0x00000000000240f8      0x898 /usr/local/Cellar/arm-none-eabi-gcc/5.0-2015-q4-major/bin/../lib/gcc/arm-none-eabi/5.2.1/../../../../arm-none-eabi/lib/armv6-m/libm.a(lib_a-k_rem_pio2.o)
                0x00000000000240f8                __kernel_rem_pio2
 .text.__kernel_sin
                0x0000000000024990      0x160 /usr/local/Cellar/arm-none-eabi-gcc/5.0-2015-q4-major/bin/../lib/gcc/arm-none-eabi/5.2.1/../../../../arm-none-eabi/lib/armv6-m/libm.a(lib_a-k_sin.o)
                0x0000000000024990                __kernel_sin
 .text.scalbn   0x0000000000024af0       0xd0 /usr/local/Cellar/arm-none-eabi-gcc/5.0-2015-q4-major/bin/../lib/gcc/arm-none-eabi/5.2.1/../../../../arm-none-eabi/lib/armv6-m/libm.a(lib_a-s_scalbn.o)
                0x0000000000024af0                scalbn
 .text.copysign
                0x0000000000024bc0       0x10 /usr/local/Cellar/arm-none-eabi-gcc/5.0-2015-q4-major/bin/../lib/gcc/arm-none-eabi/5.2.1/../../../../arm-none-eabi/lib/armv6-m/libm.a(lib_a-s_copysign.o)
                0x0000000000024bc0                copysign
 .text.__cxa_atexit
                0x0000000000024bd0       0x1c /usr/local/Cellar/arm-none-eabi-gcc/5.0-2015-q4-major/bin/../lib/gcc/arm-none-eabi/5.2.1/../../../../arm-none-eabi/lib/armv6-m/libc_nano.a(lib_a-cxa_atexit.o)
                0x0000000000024bd0                __cxa_atexit
 .text.exit     0x0000000000024bec       0x2c /usr/local/Cellar/arm-none-eabi-gcc/5.0-2015-q4-major/bin/../lib/gcc/arm-none-eabi/5.2.1/../../../../arm-none-eabi/lib/armv6-m/libc_nano.a(lib_a-exit.o)
                0x0000000000024bec                exit
 .text.__libc_init_array
                0x0000000000024c18       0x4c /usr/local/Cellar/arm-none-eabi-gcc/5.0-2015-q4-major/bin/../lib/gcc/arm-none-eabi/5.2.1/../../../../arm-none-eabi/lib/armv6-m/libc_nano.a(lib_a-init.o)